../Core/Src/main.cpp:117:5:int main()	8	static
../Core/Src/main.cpp:190:6:void SystemClock_Config()	112	static
../Core/Src/main.cpp:251:6:void PeriphCommonClock_Config()	88	static
../Core/Src/main.cpp:280:6:void HAL_GPIO_EXIT_Callback(uint16_t)	16	static
../Core/Src/main.cpp:297:6:void HAL_TIM_PeriodElapsedCallback(TIM_HandleTypeDef*)	16	static
../Core/Src/main.cpp:314:6:void Error_Handler()	4	static,ignoring_inline_asm
../Core/Src/main.cpp:323:1:void __static_initialization_and_destruction_0(int, int)	24	static
../Core/Src/main.cpp:323:1:cpp)	8	static
