../Core/Src/stm32wbxx_it.c:78:6:NMI_Handler	4	static
../Core/Src/stm32wbxx_it.c:93:6:HardFault_Handler	4	static
../Core/Src/stm32wbxx_it.c:108:6:MemManage_Handler	4	static
../Core/Src/stm32wbxx_it.c:123:6:BusFault_Handler	4	static
../Core/Src/stm32wbxx_it.c:138:6:UsageFault_Handler	4	static
../Core/Src/stm32wbxx_it.c:153:6:DebugMon_Handler	4	static
../Core/Src/stm32wbxx_it.c:173:6:RTC_WKUP_IRQHandler	8	static
../Core/Src/stm32wbxx_it.c:187:6:DMA1_Channel1_IRQHandler	8	static
../Core/Src/stm32wbxx_it.c:201:6:DMA1_Channel2_IRQHandler	8	static
../Core/Src/stm32wbxx_it.c:215:6:DMA1_Channel3_IRQHandler	8	static
../Core/Src/stm32wbxx_it.c:229:6:DMA1_Channel4_IRQHandler	8	static
../Core/Src/stm32wbxx_it.c:243:6:TIM1_UP_TIM16_IRQHandler	8	static
../Core/Src/stm32wbxx_it.c:257:6:TIM1_TRG_COM_TIM17_IRQHandler	8	static
../Core/Src/stm32wbxx_it.c:272:6:LPUART1_IRQHandler	8	static
../Core/Src/stm32wbxx_it.c:286:6:IPCC_C1_RX_IRQHandler	8	static
../Core/Src/stm32wbxx_it.c:300:6:IPCC_C1_TX_IRQHandler	8	static
../Core/Src/stm32wbxx_it.c:314:6:HSEM_IRQHandler	8	static
