../Drivers/CMSIS/Include/core_cm4.h:1667:26:__NVIC_GetPriorityGrouping	4	static
../Drivers/CMSIS/Include/core_cm4.h:1679:22:__NVIC_EnableIRQ	16	static,ignoring_inline_asm
../Drivers/CMSIS/Include/core_cm4.h:1809:22:__NVIC_SetPriority	16	static
../Drivers/CMSIS/Include/core_cm4.h:1856:26:NVIC_EncodePriority	40	static
../Drivers/STM32WBxx_HAL_Driver/Inc/stm32wbxx_ll_bus.h:539:22:LL_AHB2_GRP1_EnableClock	24	static
../Drivers/STM32WBxx_HAL_Driver/Inc/stm32wbxx_ll_bus.h:1274:22:LL_APB2_GRP1_EnableClock	24	static
../Drivers/STM32WBxx_HAL_Driver/Inc/stm32wbxx_ll_tim.h:1642:22:LL_TIM_DisableARRPreload	16	static
../Drivers/STM32WBxx_HAL_Driver/Inc/stm32wbxx_ll_tim.h:2348:22:LL_TIM_OC_DisableFast	24	static
../Drivers/STM32WBxx_HAL_Driver/Inc/stm32wbxx_ll_tim.h:2400:22:LL_TIM_OC_EnablePreload	24	static
../Drivers/STM32WBxx_HAL_Driver/Inc/stm32wbxx_ll_tim.h:3219:22:LL_TIM_SetClockSource	16	static
../Drivers/STM32WBxx_HAL_Driver/Inc/stm32wbxx_ll_tim.h:3265:22:LL_TIM_SetTriggerOutput	16	static
../Drivers/STM32WBxx_HAL_Driver/Inc/stm32wbxx_ll_tim.h:3295:22:LL_TIM_SetTriggerOutput2	16	static
../Drivers/STM32WBxx_HAL_Driver/Inc/stm32wbxx_ll_tim.h:3362:22:LL_TIM_DisableMasterSlaveMode	16	static
../Core/Src/tim.c:28:6:MX_TIM1_Init	136	static
