Archive member included to satisfy reference by file (symbol)

I:/programy/ST/STM32CubeIDE_1.14.0/STM32CubeIDE/plugins/com.st.stm32cube.ide.mcu.externaltools.gnu-tools-for-stm32.11.3.rel1.win32_1.1.100.202309141235/tools/bin/../lib/gcc/arm-none-eabi/11.3.1/../../../../arm-none-eabi/lib/thumb/v7e-m+fp/hard\libc_nano.a(libc_a-exit.o)
                              I:/programy/ST/STM32CubeIDE_1.14.0/STM32CubeIDE/plugins/com.st.stm32cube.ide.mcu.externaltools.gnu-tools-for-stm32.11.3.rel1.win32_1.1.100.202309141235/tools/bin/../lib/gcc/arm-none-eabi/11.3.1/../../../../arm-none-eabi/lib/thumb/v7e-m+fp/hard/crt0.o (exit)
I:/programy/ST/STM32CubeIDE_1.14.0/STM32CubeIDE/plugins/com.st.stm32cube.ide.mcu.externaltools.gnu-tools-for-stm32.11.3.rel1.win32_1.1.100.202309141235/tools/bin/../lib/gcc/arm-none-eabi/11.3.1/../../../../arm-none-eabi/lib/thumb/v7e-m+fp/hard\libc_nano.a(libc_a-malloc.o)
                              ./Core/ThreadSafe/newlib_lock_glue.o (malloc)
I:/programy/ST/STM32CubeIDE_1.14.0/STM32CubeIDE/plugins/com.st.stm32cube.ide.mcu.externaltools.gnu-tools-for-stm32.11.3.rel1.win32_1.1.100.202309141235/tools/bin/../lib/gcc/arm-none-eabi/11.3.1/../../../../arm-none-eabi/lib/thumb/v7e-m+fp/hard\libc_nano.a(libc_a-mallocr.o)
                              I:/programy/ST/STM32CubeIDE_1.14.0/STM32CubeIDE/plugins/com.st.stm32cube.ide.mcu.externaltools.gnu-tools-for-stm32.11.3.rel1.win32_1.1.100.202309141235/tools/bin/../lib/gcc/arm-none-eabi/11.3.1/../../../../arm-none-eabi/lib/thumb/v7e-m+fp/hard\libc_nano.a(libc_a-malloc.o) (_malloc_r)
I:/programy/ST/STM32CubeIDE_1.14.0/STM32CubeIDE/plugins/com.st.stm32cube.ide.mcu.externaltools.gnu-tools-for-stm32.11.3.rel1.win32_1.1.100.202309141235/tools/bin/../lib/gcc/arm-none-eabi/11.3.1/../../../../arm-none-eabi/lib/thumb/v7e-m+fp/hard\libc_nano.a(libc_a-mlock.o)
                              I:/programy/ST/STM32CubeIDE_1.14.0/STM32CubeIDE/plugins/com.st.stm32cube.ide.mcu.externaltools.gnu-tools-for-stm32.11.3.rel1.win32_1.1.100.202309141235/tools/bin/../lib/gcc/arm-none-eabi/11.3.1/../../../../arm-none-eabi/lib/thumb/v7e-m+fp/hard\libc_nano.a(libc_a-mallocr.o) (__malloc_lock)
I:/programy/ST/STM32CubeIDE_1.14.0/STM32CubeIDE/plugins/com.st.stm32cube.ide.mcu.externaltools.gnu-tools-for-stm32.11.3.rel1.win32_1.1.100.202309141235/tools/bin/../lib/gcc/arm-none-eabi/11.3.1/../../../../arm-none-eabi/lib/thumb/v7e-m+fp/hard\libc_nano.a(libc_a-findfp.o)
                              I:/programy/ST/STM32CubeIDE_1.14.0/STM32CubeIDE/plugins/com.st.stm32cube.ide.mcu.externaltools.gnu-tools-for-stm32.11.3.rel1.win32_1.1.100.202309141235/tools/bin/../lib/gcc/arm-none-eabi/11.3.1/../../../../arm-none-eabi/lib/thumb/v7e-m+fp/hard\libc_nano.a(libc_a-exit.o) (__stdio_exit_handler)
I:/programy/ST/STM32CubeIDE_1.14.0/STM32CubeIDE/plugins/com.st.stm32cube.ide.mcu.externaltools.gnu-tools-for-stm32.11.3.rel1.win32_1.1.100.202309141235/tools/bin/../lib/gcc/arm-none-eabi/11.3.1/../../../../arm-none-eabi/lib/thumb/v7e-m+fp/hard\libc_nano.a(libc_a-fwalk.o)
                              I:/programy/ST/STM32CubeIDE_1.14.0/STM32CubeIDE/plugins/com.st.stm32cube.ide.mcu.externaltools.gnu-tools-for-stm32.11.3.rel1.win32_1.1.100.202309141235/tools/bin/../lib/gcc/arm-none-eabi/11.3.1/../../../../arm-none-eabi/lib/thumb/v7e-m+fp/hard\libc_nano.a(libc_a-findfp.o) (_fwalk_sglue)
I:/programy/ST/STM32CubeIDE_1.14.0/STM32CubeIDE/plugins/com.st.stm32cube.ide.mcu.externaltools.gnu-tools-for-stm32.11.3.rel1.win32_1.1.100.202309141235/tools/bin/../lib/gcc/arm-none-eabi/11.3.1/../../../../arm-none-eabi/lib/thumb/v7e-m+fp/hard\libc_nano.a(libc_a-stdio.o)
                              I:/programy/ST/STM32CubeIDE_1.14.0/STM32CubeIDE/plugins/com.st.stm32cube.ide.mcu.externaltools.gnu-tools-for-stm32.11.3.rel1.win32_1.1.100.202309141235/tools/bin/../lib/gcc/arm-none-eabi/11.3.1/../../../../arm-none-eabi/lib/thumb/v7e-m+fp/hard\libc_nano.a(libc_a-findfp.o) (__sread)
I:/programy/ST/STM32CubeIDE_1.14.0/STM32CubeIDE/plugins/com.st.stm32cube.ide.mcu.externaltools.gnu-tools-for-stm32.11.3.rel1.win32_1.1.100.202309141235/tools/bin/../lib/gcc/arm-none-eabi/11.3.1/../../../../arm-none-eabi/lib/thumb/v7e-m+fp/hard\libc_nano.a(libc_a-memset.o)
                              I:/programy/ST/STM32CubeIDE_1.14.0/STM32CubeIDE/plugins/com.st.stm32cube.ide.mcu.externaltools.gnu-tools-for-stm32.11.3.rel1.win32_1.1.100.202309141235/tools/bin/../lib/gcc/arm-none-eabi/11.3.1/../../../../arm-none-eabi/lib/thumb/v7e-m+fp/hard/crt0.o (memset)
I:/programy/ST/STM32CubeIDE_1.14.0/STM32CubeIDE/plugins/com.st.stm32cube.ide.mcu.externaltools.gnu-tools-for-stm32.11.3.rel1.win32_1.1.100.202309141235/tools/bin/../lib/gcc/arm-none-eabi/11.3.1/../../../../arm-none-eabi/lib/thumb/v7e-m+fp/hard\libc_nano.a(libc_a-closer.o)
[...]
Memory Configuration

Name             Origin             Length             Attributes
FLASH            0x0000000008000000 0x0000000000080000 xr
RAM1             0x0000000020000008 0x000000000002fff8 xrw
RAM_SHARED       0x0000000020030000 0x0000000000002800 xrw
*default*        0x0000000000000000 0xffffffffffffffff

Linker script and memory map

LOAD I:/programy/ST/STM32CubeIDE_1.14.0/STM32CubeIDE/plugins/com.st.stm32cube.ide.mcu.externaltools.gnu-tools-for-stm32.11.3.rel1.win32_1.1.100.202309141235/tools/bin/../lib/gcc/arm-none-eabi/11.3.1/thumb/v7e-m+fp/hard/crti.o
LOAD I:/programy/ST/STM32CubeIDE_1.14.0/STM32CubeIDE/plugins/com.st.stm32cube.ide.mcu.externaltools.gnu-tools-for-stm32.11.3.rel1.win32_1.1.100.202309141235/tools/bin/../lib/gcc/arm-none-eabi/11.3.1/thumb/v7e-m+fp/hard/crtbegin.o
LOAD I:/programy/ST/STM32CubeIDE_1.14.0/STM32CubeIDE/plugins/com.st.stm32cube.ide.mcu.externaltools.gnu-tools-for-stm32.11.3.rel1.win32_1.1.100.202309141235/tools/bin/../lib/gcc/arm-none-eabi/11.3.1/../../../../arm-none-eabi/lib/thumb/v7e-m+fp/hard/crt0.o
LOAD ./Core/Src/adc.o
LOAD ./Core/Src/gpio.o
LOAD ./Core/Src/lptim.o
LOAD ./Core/Src/main.o
LOAD ./Core/Src/memorymap.o
LOAD ./Core/Src/quadspi.o
LOAD ./Core/Src/rf.o
LOAD ./Core/Src/spi.o
LOAD ./Core/Src/stm32wbxx_hal_msp.o
LOAD ./Core/Src/stm32wbxx_hal_timebase_tim.o
LOAD ./Core/Src/stm32wbxx_it.o
LOAD ./Core/Src/syscalls.o
LOAD ./Core/Src/sysmem.o
LOAD ./Core/Src/system_stm32wbxx.o
LOAD ./Core/Src/tim.o
LOAD ./Core/Src/usart.o
LOAD ./Core/Src/usb.o
LOAD ./Core/Startup/startup_stm32wb55rgvx.o
LOAD ./Core/ThreadSafe/newlib_lock_glue.o
LOAD ./Drivers/STM32WBxx_HAL_Driver/Src/stm32wbxx_hal.o
LOAD ./Drivers/STM32WBxx_HAL_Driver/Src/stm32wbxx_hal_adc.o
LOAD ./Drivers/STM32WBxx_HAL_Driver/Src/stm32wbxx_hal_adc_ex.o
LOAD ./Drivers/STM32WBxx_HAL_Driver/Src/stm32wbxx_hal_cortex.o
LOAD ./Drivers/STM32WBxx_HAL_Driver/Src/stm32wbxx_hal_dma.o
LOAD ./Drivers/STM32WBxx_HAL_Driver/Src/stm32wbxx_hal_dma_ex.o
LOAD ./Drivers/STM32WBxx_HAL_Driver/Src/stm32wbxx_hal_exti.o
LOAD ./Drivers/STM32WBxx_HAL_Driver/Src/stm32wbxx_hal_flash.o
LOAD ./Drivers/STM32WBxx_HAL_Driver/Src/stm32wbxx_hal_flash_ex.o
LOAD ./Drivers/STM32WBxx_HAL_Driver/Src/stm32wbxx_hal_gpio.o
LOAD ./Drivers/STM32WBxx_HAL_Driver/Src/stm32wbxx_hal_hsem.o
LOAD ./Drivers/STM32WBxx_HAL_Driver/Src/stm32wbxx_hal_lptim.o
LOAD ./Drivers/STM32WBxx_HAL_Driver/Src/stm32wbxx_hal_pcd.o
LOAD ./Drivers/STM32WBxx_HAL_Driver/Src/stm32wbxx_hal_pcd_ex.o
LOAD ./Drivers/STM32WBxx_HAL_Driver/Src/stm32wbxx_hal_pwr.o
LOAD ./Drivers/STM32WBxx_HAL_Driver/Src/stm32wbxx_hal_pwr_ex.o
LOAD ./Drivers/STM32WBxx_HAL_Driver/Src/stm32wbxx_hal_qspi.o
LOAD ./Drivers/STM32WBxx_HAL_Driver/Src/stm32wbxx_hal_rcc.o
LOAD ./Drivers/STM32WBxx_HAL_Driver/Src/stm32wbxx_hal_rcc_ex.o
LOAD ./Drivers/STM32WBxx_HAL_Driver/Src/stm32wbxx_hal_spi.o
LOAD ./Drivers/STM32WBxx_HAL_Driver/Src/stm32wbxx_hal_spi_ex.o
LOAD ./Drivers/STM32WBxx_HAL_Driver/Src/stm32wbxx_hal_tim.o
LOAD ./Drivers/STM32WBxx_HAL_Driver/Src/stm32wbxx_hal_tim_ex.o
LOAD ./Drivers/STM32WBxx_HAL_Driver/Src/stm32wbxx_hal_uart.o
LOAD ./Drivers/STM32WBxx_HAL_Driver/Src/stm32wbxx_hal_uart_ex.o
LOAD ./Drivers/STM32WBxx_HAL_Driver/Src/stm32wbxx_ll_adc.o
LOAD ./Drivers/STM32WBxx_HAL_Driver/Src/stm32wbxx_ll_exti.o
LOAD ./Drivers/STM32WBxx_HAL_Driver/Src/stm32wbxx_ll_gpio.o
LOAD ./Drivers/STM32WBxx_HAL_Driver/Src/stm32wbxx_ll_rcc.o
LOAD ./Drivers/STM32WBxx_HAL_Driver/Src/stm32wbxx_ll_usb.o
LOAD ./Drivers/STM32WBxx_HAL_Driver/Src/stm32wbxx_ll_utils.o
START GROUP
LOAD I:/programy/ST/STM32CubeIDE_1.14.0/STM32CubeIDE/plugins/com.st.stm32cube.ide.mcu.externaltools.gnu-tools-for-stm32.11.3.rel1.win32_1.1.100.202309141235/tools/bin/../lib/gcc/arm-none-eabi/11.3.1/../../../../arm-none-eabi/lib/thumb/v7e-m+fp/hard\libc_nano.a
LOAD I:/programy/ST/STM32CubeIDE_1.14.0/STM32CubeIDE/plugins/com.st.stm32cube.ide.mcu.externaltools.gnu-tools-for-stm32.11.3.rel1.win32_1.1.100.202309141235/tools/bin/../lib/gcc/arm-none-eabi/11.3.1/../../../../arm-none-eabi/lib/thumb/v7e-m+fp/hard\libm.a
END GROUP
START GROUP
LOAD I:/programy/ST/STM32CubeIDE_1.14.0/STM32CubeIDE/plugins/com.st.stm32cube.ide.mcu.externaltools.gnu-tools-for-stm32.11.3.rel1.win32_1.1.100.202309141235/tools/bin/../lib/gcc/arm-none-eabi/11.3.1/thumb/v7e-m+fp/hard\libgcc.a
LOAD I:/programy/ST/STM32CubeIDE_1.14.0/STM32CubeIDE/plugins/com.st.stm32cube.ide.mcu.externaltools.gnu-tools-for-stm32.11.3.rel1.win32_1.1.100.202309141235/tools/bin/../lib/gcc/arm-none-eabi/11.3.1/../../../../arm-none-eabi/lib/thumb/v7e-m+fp/hard\libc_nano.a
END GROUP
START GROUP
LOAD I:/programy/ST/STM32CubeIDE_1.14.0/STM32CubeIDE/plugins/com.st.stm32cube.ide.mcu.externaltools.gnu-tools-for-stm32.11.3.rel1.win32_1.1.100.202309141235/tools/bin/../lib/gcc/arm-none-eabi/11.3.1/thumb/v7e-m+fp/hard\libgcc.a
LOAD I:/programy/ST/STM32CubeIDE_1.14.0/STM32CubeIDE/plugins/com.st.stm32cube.ide.mcu.externaltools.gnu-tools-for-stm32.11.3.rel1.win32_1.1.100.202309141235/tools/bin/../lib/gcc/arm-none-eabi/11.3.1/../../../../arm-none-eabi/lib/thumb/v7e-m+fp/hard\libc_nano.a
LOAD I:/programy/ST/STM32CubeIDE_1.14.0/STM32CubeIDE/plugins/com.st.stm32cube.ide.mcu.externaltools.gnu-tools-for-stm32.11.3.rel1.win32_1.1.100.202309141235/tools/bin/../lib/gcc/arm-none-eabi/11.3.1/../../../../arm-none-eabi/lib/thumb/v7e-m+fp/hard\libnosys.a
END GROUP
START GROUP
LOAD I:/programy/ST/STM32CubeIDE_1.14.0/STM32CubeIDE/plugins/com.st.stm32cube.ide.mcu.externaltools.gnu-tools-for-stm32.11.3.rel1.win32_1.1.100.202309141235/tools/bin/../lib/gcc/arm-none-eabi/11.3.1/thumb/v7e-m+fp/hard\libgcc.a
LOAD I:/programy/ST/STM32CubeIDE_1.14.0/STM32CubeIDE/plugins/com.st.stm32cube.ide.mcu.externaltools.gnu-tools-for-stm32.11.3.rel1.win32_1.1.100.202309141235/tools/bin/../lib/gcc/arm-none-eabi/11.3.1/../../../../arm-none-eabi/lib/thumb/v7e-m+fp/hard\libc_nano.a
LOAD I:/programy/ST/STM32CubeIDE_1.14.0/STM32CubeIDE/plugins/com.st.stm32cube.ide.mcu.externaltools.gnu-tools-for-stm32.11.3.rel1.win32_1.1.100.202309141235/tools/bin/../lib/gcc/arm-none-eabi/11.3.1/../../../../arm-none-eabi/lib/thumb/v7e-m+fp/hard\libnosys.a
END GROUP
LOAD I:/programy/ST/STM32CubeIDE_1.14.0/STM32CubeIDE/plugins/com.st.stm32cube.ide.mcu.externaltools.gnu-tools-for-stm32.11.3.rel1.win32_1.1.100.202309141235/tools/bin/../lib/gcc/arm-none-eabi/11.3.1/thumb/v7e-m+fp/hard/crtend.o
LOAD I:/programy/ST/STM32CubeIDE_1.14.0/STM32CubeIDE/plugins/com.st.stm32cube.ide.mcu.externaltools.gnu-tools-for-stm32.11.3.rel1.win32_1.1.100.202309141235/tools/bin/../lib/gcc/arm-none-eabi/11.3.1/thumb/v7e-m+fp/hard/crtn.o
                0x0000000020030000                _estack = (ORIGIN (RAM1) + LENGTH (RAM1))
                0x0000000000000200                _Min_Heap_Size = 0x200
                0x0000000000000400                _Min_Stack_Size = 0x400

.isr_vector     0x0000000008000000      0x13c
                0x0000000008000000                . = ALIGN (0x4)
 *(.isr_vector)
 .isr_vector    0x0000000008000000      0x13c ./Core/Startup/startup_stm32wb55rgvx.o
                0x0000000008000000                g_pfnVectors
                0x000000000800013c                . = ALIGN (0x4)

.text           0x000000000800013c     0x7108
                0x000000000800013c                . = ALIGN (0x4)
 *(.text)
 .text          0x000000000800013c       0x40 I:/programy/ST/STM32CubeIDE_1.14.0/STM32CubeIDE/plugins/com.st.stm32cube.ide.mcu.externaltools.gnu-tools-for-stm32.11.3.rel1.win32_1.1.100.202309141235/tools/bin/../lib/gcc/arm-none-eabi/11.3.1/thumb/v7e-m+fp/hard/crtbegin.o
 .text          0x000000000800017c       0x30 I:/programy/ST/STM32CubeIDE_1.14.0/STM32CubeIDE/plugins/com.st.stm32cube.ide.mcu.externaltools.gnu-tools-for-stm32.11.3.rel1.win32_1.1.100.202309141235/tools/bin/../lib/gcc/arm-none-eabi/11.3.1/thumb/v7e-m+fp/hard\libgcc.a(_aeabi_uldivmod.o)
                0x000000000800017c                __aeabi_uldivmod
 .text          0x00000000080001ac      0x2c8 I:/programy/ST/STM32CubeIDE_1.14.0/STM32CubeIDE/plugins/com.st.stm32cube.ide.mcu.externaltools.gnu-tools-for-stm32.11.3.rel1.win32_1.1.100.202309141235/tools/bin/../lib/gcc/arm-none-eabi/11.3.1/thumb/v7e-m+fp/hard\libgcc.a(_udivmoddi4.o)
                0x00000000080001ac                __udivmoddi4
 .text          0x0000000008000474        0x4 I:/programy/ST/STM32CubeIDE_1.14.0/STM32CubeIDE/plugins/com.st.stm32cube.ide.mcu.externaltools.gnu-tools-for-stm32.11.3.rel1.win32_1.1.100.202309141235/tools/bin/../lib/gcc/arm-none-eabi/11.3.1/thumb/v7e-m+fp/hard\libgcc.a(_dvmd_tls.o)
                0x0000000008000474                __aeabi_idiv0
                0x0000000008000474                __aeabi_ldiv0
 *(.text*)
 .text.LL_AHB2_GRP1_EnableClock
                0x0000000008000478       0x32 ./Core/Src/adc.o
 *fill*         0x00000000080004aa        0x2 
 .text.MX_ADC1_Init
                0x00000000080004ac       0xc8 ./Core/Src/adc.o
                0x00000000080004ac                MX_ADC1_Init
 .text.HAL_ADC_MspInit
                0x0000000008000574       0x58 ./Core/Src/adc.o
                0x0000000008000574                HAL_ADC_MspInit
 .text.LL_AHB2_GRP1_EnableClock
                0x00000000080005cc       0x32 ./Core/Src/gpio.o
 *fill*         0x00000000080005fe        0x2 
 .text.LL_SYSCFG_SetEXTISource
                0x0000000008000600       0x70 ./Core/Src/gpio.o
 .text.LL_GPIO_SetPinMode
                0x0000000008000670       0x7a ./Core/Src/gpio.o
 .text.LL_GPIO_SetPinPull
                0x00000000080006ea       0x7a ./Core/Src/gpio.o
 .text.LL_GPIO_ResetOutputPin
                0x0000000008000764       0x1c ./Core/Src/gpio.o
 .text.MX_GPIO_Init
                0x0000000008000780      0x2c4 ./Core/Src/gpio.o
                0x0000000008000780                MX_GPIO_Init
 .text.LL_AHB2_GRP1_EnableClock
                0x0000000008000a44       0x32 ./Core/Src/lptim.o
 .text.LL_APB1_GRP1_EnableClock
                0x0000000008000a76       0x32 ./Core/Src/lptim.o
 .text.LL_APB1_GRP2_EnableClock
                0x0000000008000aa8       0x32 ./Core/Src/lptim.o
 *fill*         0x0000000008000ada        0x2 
 .text.MX_LPTIM1_Init
                0x0000000008000adc       0x68 ./Core/Src/lptim.o
                0x0000000008000adc                MX_LPTIM1_Init
 .text.MX_LPTIM2_Init
                0x0000000008000b44       0x68 ./Core/Src/lptim.o
                0x0000000008000b44                MX_LPTIM2_Init
 .text.HAL_LPTIM_MspInit
                0x0000000008000bac       0xec ./Core/Src/lptim.o
                0x0000000008000bac                HAL_LPTIM_MspInit
 .text.main     0x0000000008000c98       0x3a ./Core/Src/main.o
                0x0000000008000c98                main
 *fill*         0x0000000008000cd2        0x2 
 .text.SystemClock_Config
                0x0000000008000cd4       0xc8 ./Core/Src/main.o
                0x0000000008000cd4                SystemClock_Config
 .text.PeriphCommonClock_Config
                0x0000000008000d9c       0x68 ./Core/Src/main.o
                0x0000000008000d9c                PeriphCommonClock_Config
 .text.HAL_TIM_PeriodElapsedCallback
                0x0000000008000e04       0x24 ./Core/Src/main.o
                0x0000000008000e04                HAL_TIM_PeriodElapsedCallback
 .text.Error_Handler
                0x0000000008000e28        0xa ./Core/Src/main.o
                0x0000000008000e28                Error_Handler
 .text.LL_AHB2_GRP1_EnableClock
                0x0000000008000e32       0x32 ./Core/Src/quadspi.o
 .text.LL_AHB3_GRP1_EnableClock
                0x0000000008000e64       0x32 ./Core/Src/quadspi.o
 *fill*         0x0000000008000e96        0x2 
 .text.MX_QUADSPI_Init
                0x0000000008000e98       0x4c ./Core/Src/quadspi.o
                0x0000000008000e98                MX_QUADSPI_Init
 .text.HAL_QSPI_MspInit
                0x0000000008000ee4       0x8c ./Core/Src/quadspi.o
                0x0000000008000ee4                HAL_QSPI_MspInit
 .text.MX_RF_Init
                0x0000000008000f70        0xe ./Core/Src/rf.o
                0x0000000008000f70                MX_RF_Init
 .text.LL_AHB2_GRP1_EnableClock
                0x0000000008000f7e       0x32 ./Core/Src/spi.o
 .text.LL_APB2_GRP1_EnableClock
                0x0000000008000fb0       0x32 ./Core/Src/spi.o
 *fill*         0x0000000008000fe2        0x2 
 .text.MX_SPI1_Init
                0x0000000008000fe4       0x7c ./Core/Src/spi.o
                0x0000000008000fe4                MX_SPI1_Init
 .text.HAL_SPI_MspInit
                0x0000000008001060       0x60 ./Core/Src/spi.o
                0x0000000008001060                HAL_SPI_MspInit
 .text.HAL_MspInit
                0x00000000080010c0        0xe ./Core/Src/stm32wbxx_hal_msp.o
                0x00000000080010c0                HAL_MspInit
 .text.LL_APB2_GRP1_EnableClock
                0x00000000080010ce       0x32 ./Core/Src/stm32wbxx_hal_timebase_tim.o
 .text.HAL_InitTick
                0x0000000008001100       0x98 ./Core/Src/stm32wbxx_hal_timebase_tim.o
                0x0000000008001100                HAL_InitTick
 .text.NMI_Handler
                0x0000000008001198        0x6 ./Core/Src/stm32wbxx_it.o
                0x0000000008001198                NMI_Handler
 .text.HardFault_Handler
                0x000000000800119e        0x6 ./Core/Src/stm32wbxx_it.o
                0x000000000800119e                HardFault_Handler
 .text.MemManage_Handler
                0x00000000080011a4        0x6 ./Core/Src/stm32wbxx_it.o
                0x00000000080011a4                MemManage_Handler
 .text.BusFault_Handler
                0x00000000080011aa        0x6 ./Core/Src/stm32wbxx_it.o
                0x00000000080011aa                BusFault_Handler
 .text.UsageFault_Handler
                0x00000000080011b0        0x6 ./Core/Src/stm32wbxx_it.o
                0x00000000080011b0                UsageFault_Handler
 .text.DebugMon_Handler
                0x00000000080011b6        0xe ./Core/Src/stm32wbxx_it.o
                0x00000000080011b6                DebugMon_Handler
 .text.TIM1_TRG_COM_TIM17_IRQHandler
                0x00000000080011c4       0x1c ./Core/Src/stm32wbxx_it.o
                0x00000000080011c4                TIM1_TRG_COM_TIM17_IRQHandler
 .text.SystemInit
                0x00000000080011e0       0xa4 ./Core/Src/system_stm32wbxx.o
                0x00000000080011e0                SystemInit
 .text.LL_AHB2_GRP1_EnableClock
                0x0000000008001284       0x32 ./Core/Src/tim.o
 .text.LL_APB2_GRP1_EnableClock
                0x00000000080012b6       0x32 ./Core/Src/tim.o
 .text.MX_TIM1_Init
                0x00000000080012e8      0x178 ./Core/Src/tim.o
                0x00000000080012e8                MX_TIM1_Init
 .text.HAL_TIM_Base_MspInit
                0x0000000008001460       0x38 ./Core/Src/tim.o
                0x0000000008001460                HAL_TIM_Base_MspInit
 .text.HAL_TIM_MspPostInit
                0x0000000008001498       0x58 ./Core/Src/tim.o
                0x0000000008001498                HAL_TIM_MspPostInit
 .text.LL_AHB2_GRP1_EnableClock
                0x00000000080014f0       0x32 ./Core/Src/usart.o
 .text.LL_APB1_GRP2_EnableClock
                0x0000000008001522       0x32 ./Core/Src/usart.o
 .text.MX_LPUART1_UART_Init
                0x0000000008001554       0x9c ./Core/Src/usart.o
                0x0000000008001554                MX_LPUART1_UART_Init
 .text.HAL_UART_MspInit
                0x00000000080015f0       0x8c ./Core/Src/usart.o
                0x00000000080015f0                HAL_UART_MspInit
 .text.LL_AHB2_GRP1_EnableClock
                0x000000000800167c       0x32 ./Core/Src/usb.o
 .text.LL_APB1_GRP1_EnableClock
                0x00000000080016ae       0x32 ./Core/Src/usb.o
 .text.MX_USB_PCD_Init
                0x00000000080016e0       0x50 ./Core/Src/usb.o
                0x00000000080016e0                MX_USB_PCD_Init
 .text.HAL_PCD_MspInit
                0x0000000008001730       0x60 ./Core/Src/usb.o
                0x0000000008001730                HAL_PCD_MspInit
 .text.data_initializers
                0x0000000008001790       0x18 ./Core/Startup/startup_stm32wb55rgvx.o
 .text.Reset_Handler
                0x00000000080017a8       0x58 ./Core/Startup/startup_stm32wb55rgvx.o
                0x00000000080017a8                Reset_Handler
 .text.Default_Handler
                0x0000000008001800        0x2 ./Core/Startup/startup_stm32wb55rgvx.o
                0x0000000008001800                RTC_Alarm_IRQHandler
                0x0000000008001800                EXTI2_IRQHandler
                0x0000000008001800                TIM1_CC_IRQHandler
                0x0000000008001800                TSC_IRQHandler
                0x0000000008001800                USB_HP_IRQHandler
                0x0000000008001800                SysTick_Handler
                0x0000000008001800                PendSV_Handler
                0x0000000008001800                EXTI3_IRQHandler
                0x0000000008001800                LPTIM2_IRQHandler
                0x0000000008001800                I2C3_ER_IRQHandler
                0x0000000008001800                EXTI0_IRQHandler
                0x0000000008001800                FPU_IRQHandler
                0x0000000008001800                TIM1_UP_TIM16_IRQHandler
                0x0000000008001800                AES1_IRQHandler
                0x0000000008001800                SPI1_IRQHandler
                0x0000000008001800                PWR_SOTF_BLEACT_802ACT_RFPHASE_IRQHandler
                0x0000000008001800                DMA2_Channel2_IRQHandler
                0x0000000008001800                DMA1_Channel4_IRQHandler
                0x0000000008001800                ADC1_IRQHandler
                0x0000000008001800                PKA_IRQHandler
                0x0000000008001800                DMA1_Channel7_IRQHandler
                0x0000000008001800                LCD_IRQHandler
                0x0000000008001800                IPCC_C1_TX_IRQHandler
                0x0000000008001800                DMA2_Channel1_IRQHandler
                0x0000000008001800                QUADSPI_IRQHandler
                0x0000000008001800                I2C1_EV_IRQHandler
                0x0000000008001800                DMAMUX1_OVR_IRQHandler
                0x0000000008001800                DMA1_Channel6_IRQHandler
                0x0000000008001800                DMA2_Channel4_IRQHandler
                0x0000000008001800                RCC_IRQHandler
                0x0000000008001800                DMA1_Channel1_IRQHandler
                0x0000000008001800                Default_Handler
                0x0000000008001800                DMA2_Channel7_IRQHandler
                0x0000000008001800                EXTI15_10_IRQHandler
                0x0000000008001800                IPCC_C1_RX_IRQHandler
                0x0000000008001800                C2SEV_PWR_C2H_IRQHandler
                0x0000000008001800                AES2_IRQHandler
                0x0000000008001800                I2C3_EV_IRQHandler
                0x0000000008001800                EXTI9_5_IRQHandler
                0x0000000008001800                RTC_WKUP_IRQHandler
                0x0000000008001800                PVD_PVM_IRQHandler
                0x0000000008001800                SPI2_IRQHandler
                0x0000000008001800                SVC_Handler
                0x0000000008001800                DMA2_Channel5_IRQHandler
                0x0000000008001800                CRS_IRQHandler
                0x0000000008001800                DMA1_Channel5_IRQHandler
                0x0000000008001800                USB_LP_IRQHandler
                0x0000000008001800                EXTI4_IRQHandler
                0x0000000008001800                RNG_IRQHandler
                0x0000000008001800                TAMP_STAMP_LSECSS_IRQHandler
                0x0000000008001800                DMA1_Channel3_IRQHandler
                0x0000000008001800                COMP_IRQHandler
                0x0000000008001800                HSEM_IRQHandler
                0x0000000008001800                WWDG_IRQHandler
                0x0000000008001800                LPUART1_IRQHandler
                0x0000000008001800                DMA2_Channel6_IRQHandler
                0x0000000008001800                TIM2_IRQHandler
                0x0000000008001800                TIM1_BRK_IRQHandler
                0x0000000008001800                EXTI1_IRQHandler
                0x0000000008001800                DMA1_Channel2_IRQHandler
                0x0000000008001800                FLASH_IRQHandler
                0x0000000008001800                USART1_IRQHandler
                0x0000000008001800                I2C1_ER_IRQHandler
                0x0000000008001800                LPTIM1_IRQHandler
                0x0000000008001800                SAI1_IRQHandler
                0x0000000008001800                DMA2_Channel3_IRQHandler
 *fill*         0x0000000008001802        0x2 
 .text.HAL_Init
                0x0000000008001804       0x40 ./Drivers/STM32WBxx_HAL_Driver/Src/stm32wbxx_hal.o
                0x0000000008001804                HAL_Init
 .text.HAL_IncTick
                0x0000000008001844       0x28 ./Drivers/STM32WBxx_HAL_Driver/Src/stm32wbxx_hal.o
                0x0000000008001844                HAL_IncTick
 .text.HAL_GetTick
                0x000000000800186c       0x18 ./Drivers/STM32WBxx_HAL_Driver/Src/stm32wbxx_hal.o
                0x000000000800186c                HAL_GetTick
 .text.HAL_GetTickPrio
                0x0000000008001884       0x18 ./Drivers/STM32WBxx_HAL_Driver/Src/stm32wbxx_hal.o
                0x0000000008001884                HAL_GetTickPrio
 .text.LL_ADC_SetCommonClock
                0x000000000800189c       0x26 ./Drivers/STM32WBxx_HAL_Driver/Src/stm32wbxx_hal_adc.o
 .text.LL_ADC_SetCommonPathInternalCh
                0x00000000080018c2       0x26 ./Drivers/STM32WBxx_HAL_Driver/Src/stm32wbxx_hal_adc.o
 .text.LL_ADC_GetCommonPathInternalCh
                0x00000000080018e8       0x1c ./Drivers/STM32WBxx_HAL_Driver/Src/stm32wbxx_hal_adc.o
 .text.LL_ADC_SetOffset
                0x0000000008001904       0x48 ./Drivers/STM32WBxx_HAL_Driver/Src/stm32wbxx_hal_adc.o
 .text.LL_ADC_GetOffsetChannel
                0x000000000800194c       0x2c ./Drivers/STM32WBxx_HAL_Driver/Src/stm32wbxx_hal_adc.o
 .text.LL_ADC_SetOffsetState
                0x0000000008001978       0x36 ./Drivers/STM32WBxx_HAL_Driver/Src/stm32wbxx_hal_adc.o
 .text.LL_ADC_REG_SetSequencerRanks
                0x00000000080019ae       0x58 ./Drivers/STM32WBxx_HAL_Driver/Src/stm32wbxx_hal_adc.o
 .text.LL_ADC_SetChannelSamplingTime
                0x0000000008001a06       0x56 ./Drivers/STM32WBxx_HAL_Driver/Src/stm32wbxx_hal_adc.o
 .text.LL_ADC_SetChannelSingleDiff
                0x0000000008001a5c       0x48 ./Drivers/STM32WBxx_HAL_Driver/Src/stm32wbxx_hal_adc.o
 .text.LL_ADC_DisableDeepPowerDown
                0x0000000008001aa4       0x24 ./Drivers/STM32WBxx_HAL_Driver/Src/stm32wbxx_hal_adc.o
 .text.LL_ADC_IsDeepPowerDownEnabled
                0x0000000008001ac8       0x28 ./Drivers/STM32WBxx_HAL_Driver/Src/stm32wbxx_hal_adc.o
 .text.LL_ADC_EnableInternalRegulator
                0x0000000008001af0       0x28 ./Drivers/STM32WBxx_HAL_Driver/Src/stm32wbxx_hal_adc.o
 .text.LL_ADC_IsInternalRegulatorEnabled
                0x0000000008001b18       0x28 ./Drivers/STM32WBxx_HAL_Driver/Src/stm32wbxx_hal_adc.o
 .text.LL_ADC_IsEnabled
                0x0000000008001b40       0x26 ./Drivers/STM32WBxx_HAL_Driver/Src/stm32wbxx_hal_adc.o
 .text.LL_ADC_REG_IsConversionOngoing
                0x0000000008001b66       0x26 ./Drivers/STM32WBxx_HAL_Driver/Src/stm32wbxx_hal_adc.o
 .text.LL_ADC_INJ_IsConversionOngoing
                0x0000000008001b8c       0x26 ./Drivers/STM32WBxx_HAL_Driver/Src/stm32wbxx_hal_adc.o
 *fill*         0x0000000008001bb2        0x2 
 .text.HAL_ADC_Init
                0x0000000008001bb4      0x298 ./Drivers/STM32WBxx_HAL_Driver/Src/stm32wbxx_hal_adc.o
                0x0000000008001bb4                HAL_ADC_Init
 .text.HAL_ADC_ConfigChannel
                0x0000000008001e4c      0x78c ./Drivers/STM32WBxx_HAL_Driver/Src/stm32wbxx_hal_adc.o
                0x0000000008001e4c                HAL_ADC_ConfigChannel
 .text.__NVIC_SetPriorityGrouping
                0x00000000080025d8       0x48 ./Drivers/STM32WBxx_HAL_Driver/Src/stm32wbxx_hal_cortex.o
 .text.__NVIC_GetPriorityGrouping
                0x0000000008002620       0x1c ./Drivers/STM32WBxx_HAL_Driver/Src/stm32wbxx_hal_cortex.o
 .text.__NVIC_EnableIRQ
                0x000000000800263c       0x3c ./Drivers/STM32WBxx_HAL_Driver/Src/stm32wbxx_hal_cortex.o
 .text.__NVIC_SetPriority
                0x0000000008002678       0x54 ./Drivers/STM32WBxx_HAL_Driver/Src/stm32wbxx_hal_cortex.o
 .text.NVIC_EncodePriority
                0x00000000080026cc       0x66 ./Drivers/STM32WBxx_HAL_Driver/Src/stm32wbxx_hal_cortex.o
 .text.HAL_NVIC_SetPriorityGrouping
                0x0000000008002732       0x16 ./Drivers/STM32WBxx_HAL_Driver/Src/stm32wbxx_hal_cortex.o
                0x0000000008002732                HAL_NVIC_SetPriorityGrouping
 .text.HAL_NVIC_SetPriority
                0x0000000008002748       0x34 ./Drivers/STM32WBxx_HAL_Driver/Src/stm32wbxx_hal_cortex.o
                0x0000000008002748                HAL_NVIC_SetPriority
 .text.HAL_NVIC_EnableIRQ
                0x000000000800277c       0x1c ./Drivers/STM32WBxx_HAL_Driver/Src/stm32wbxx_hal_cortex.o
                0x000000000800277c                HAL_NVIC_EnableIRQ
 .text.HAL_GPIO_Init
                0x0000000008002798      0x2e0 ./Drivers/STM32WBxx_HAL_Driver/Src/stm32wbxx_hal_gpio.o
                0x0000000008002798                HAL_GPIO_Init
 .text.HAL_LPTIM_Init
                0x0000000008002a78      0x144 ./Drivers/STM32WBxx_HAL_Driver/Src/stm32wbxx_hal_lptim.o
                0x0000000008002a78                HAL_LPTIM_Init
 .text.HAL_PCD_Init
                0x0000000008002bbc      0x1b2 ./Drivers/STM32WBxx_HAL_Driver/Src/stm32wbxx_hal_pcd.o
                0x0000000008002bbc                HAL_PCD_Init
 .text.HAL_PCDEx_ActivateLPM
                0x0000000008002d6e       0x54 ./Drivers/STM32WBxx_HAL_Driver/Src/stm32wbxx_hal_pcd_ex.o
                0x0000000008002d6e                HAL_PCDEx_ActivateLPM
 *fill*         0x0000000008002dc2        0x2 
 .text.HAL_PWR_EnableBkUpAccess
                0x0000000008002dc4       0x20 ./Drivers/STM32WBxx_HAL_Driver/Src/stm32wbxx_hal_pwr.o
                0x0000000008002dc4                HAL_PWR_EnableBkUpAccess
 .text.HAL_PWREx_GetVoltageRange
                0x0000000008002de4       0x1c ./Drivers/STM32WBxx_HAL_Driver/Src/stm32wbxx_hal_pwr_ex.o
                0x0000000008002de4                HAL_PWREx_GetVoltageRange
 .text.HAL_QSPI_Init
                0x0000000008002e00       0xec ./Drivers/STM32WBxx_HAL_Driver/Src/stm32wbxx_hal_qspi.o
                0x0000000008002e00                HAL_QSPI_Init
 .text.HAL_QSPI_SetTimeout
                0x0000000008002eec       0x1c ./Drivers/STM32WBxx_HAL_Driver/Src/stm32wbxx_hal_qspi.o
                0x0000000008002eec                HAL_QSPI_SetTimeout
 .text.QSPI_WaitFlagStateUntilTimeout
                0x0000000008002f08       0x6e ./Drivers/STM32WBxx_HAL_Driver/Src/stm32wbxx_hal_qspi.o
 .text.LL_RCC_HSE_IsEnabledDiv2
                0x0000000008002f76       0x24 ./Drivers/STM32WBxx_HAL_Driver/Src/stm32wbxx_hal_rcc.o
 .text.LL_RCC_HSE_Enable
                0x0000000008002f9a       0x1e ./Drivers/STM32WBxx_HAL_Driver/Src/stm32wbxx_hal_rcc.o
 .text.LL_RCC_HSE_Disable
                0x0000000008002fb8       0x1e ./Drivers/STM32WBxx_HAL_Driver/Src/stm32wbxx_hal_rcc.o
 .text.LL_RCC_HSE_IsReady
                0x0000000008002fd6       0x24 ./Drivers/STM32WBxx_HAL_Driver/Src/stm32wbxx_hal_rcc.o
 .text.LL_RCC_HSI_Enable
                0x0000000008002ffa       0x1e ./Drivers/STM32WBxx_HAL_Driver/Src/stm32wbxx_hal_rcc.o
 .text.LL_RCC_HSI_Disable
                0x0000000008003018       0x1e ./Drivers/STM32WBxx_HAL_Driver/Src/stm32wbxx_hal_rcc.o
 .text.LL_RCC_HSI_IsReady
                0x0000000008003036       0x24 ./Drivers/STM32WBxx_HAL_Driver/Src/stm32wbxx_hal_rcc.o
 .text.LL_RCC_HSI_SetCalibTrimming
                0x000000000800305a       0x2a ./Drivers/STM32WBxx_HAL_Driver/Src/stm32wbxx_hal_rcc.o
 .text.LL_RCC_HSI48_Enable
                0x0000000008003084       0x22 ./Drivers/STM32WBxx_HAL_Driver/Src/stm32wbxx_hal_rcc.o
 .text.LL_RCC_HSI48_Disable
                0x00000000080030a6       0x22 ./Drivers/STM32WBxx_HAL_Driver/Src/stm32wbxx_hal_rcc.o
 .text.LL_RCC_HSI48_IsReady
                0x00000000080030c8       0x24 ./Drivers/STM32WBxx_HAL_Driver/Src/stm32wbxx_hal_rcc.o
 .text.LL_RCC_LSE_Enable
                0x00000000080030ec       0x22 ./Drivers/STM32WBxx_HAL_Driver/Src/stm32wbxx_hal_rcc.o
 .text.LL_RCC_LSE_Disable
                0x000000000800310e       0x22 ./Drivers/STM32WBxx_HAL_Driver/Src/stm32wbxx_hal_rcc.o
 .text.LL_RCC_LSE_EnableBypass
                0x0000000008003130       0x22 ./Drivers/STM32WBxx_HAL_Driver/Src/stm32wbxx_hal_rcc.o
 .text.LL_RCC_LSE_DisableBypass
                0x0000000008003152       0x22 ./Drivers/STM32WBxx_HAL_Driver/Src/stm32wbxx_hal_rcc.o
 .text.LL_RCC_LSE_IsReady
                0x0000000008003174       0x24 ./Drivers/STM32WBxx_HAL_Driver/Src/stm32wbxx_hal_rcc.o
 .text.LL_RCC_LSI1_Enable
                0x0000000008003198       0x22 ./Drivers/STM32WBxx_HAL_Driver/Src/stm32wbxx_hal_rcc.o
 .text.LL_RCC_LSI1_Disable
                0x00000000080031ba       0x22 ./Drivers/STM32WBxx_HAL_Driver/Src/stm32wbxx_hal_rcc.o
 .text.LL_RCC_LSI1_IsReady
                0x00000000080031dc       0x24 ./Drivers/STM32WBxx_HAL_Driver/Src/stm32wbxx_hal_rcc.o
 .text.LL_RCC_LSI2_Enable
                0x0000000008003200       0x22 ./Drivers/STM32WBxx_HAL_Driver/Src/stm32wbxx_hal_rcc.o
 .text.LL_RCC_LSI2_Disable
                0x0000000008003222       0x22 ./Drivers/STM32WBxx_HAL_Driver/Src/stm32wbxx_hal_rcc.o
 .text.LL_RCC_LSI2_IsReady
                0x0000000008003244       0x24 ./Drivers/STM32WBxx_HAL_Driver/Src/stm32wbxx_hal_rcc.o
 .text.LL_RCC_LSI2_SetTrimming
                0x0000000008003268       0x2e ./Drivers/STM32WBxx_HAL_Driver/Src/stm32wbxx_hal_rcc.o
 .text.LL_RCC_MSI_Enable
                0x0000000008003296       0x1e ./Drivers/STM32WBxx_HAL_Driver/Src/stm32wbxx_hal_rcc.o
 .text.LL_RCC_MSI_Disable
                0x00000000080032b4       0x1e ./Drivers/STM32WBxx_HAL_Driver/Src/stm32wbxx_hal_rcc.o
 .text.LL_RCC_MSI_IsReady
                0x00000000080032d2       0x22 ./Drivers/STM32WBxx_HAL_Driver/Src/stm32wbxx_hal_rcc.o
 .text.LL_RCC_MSI_SetRange
                0x00000000080032f4       0x28 ./Drivers/STM32WBxx_HAL_Driver/Src/stm32wbxx_hal_rcc.o
 .text.LL_RCC_MSI_GetRange
                0x000000000800331c       0x2a ./Drivers/STM32WBxx_HAL_Driver/Src/stm32wbxx_hal_rcc.o
 .text.LL_RCC_MSI_SetCalibTrimming
                0x0000000008003346       0x2a ./Drivers/STM32WBxx_HAL_Driver/Src/stm32wbxx_hal_rcc.o
 .text.LL_RCC_SetSysClkSource
                0x0000000008003370       0x28 ./Drivers/STM32WBxx_HAL_Driver/Src/stm32wbxx_hal_rcc.o
 .text.LL_RCC_GetSysClkSource
                0x0000000008003398       0x18 ./Drivers/STM32WBxx_HAL_Driver/Src/stm32wbxx_hal_rcc.o
 .text.LL_RCC_SetAHBPrescaler
                0x00000000080033b0       0x28 ./Drivers/STM32WBxx_HAL_Driver/Src/stm32wbxx_hal_rcc.o
 .text.LL_C2_RCC_SetAHBPrescaler
                0x00000000080033d8       0x2c ./Drivers/STM32WBxx_HAL_Driver/Src/stm32wbxx_hal_rcc.o
 .text.LL_RCC_SetAHB4Prescaler
                0x0000000008003404       0x2e ./Drivers/STM32WBxx_HAL_Driver/Src/stm32wbxx_hal_rcc.o
 .text.LL_RCC_SetAPB1Prescaler
                0x0000000008003432       0x28 ./Drivers/STM32WBxx_HAL_Driver/Src/stm32wbxx_hal_rcc.o
 .text.LL_RCC_SetAPB2Prescaler
                0x000000000800345a       0x28 ./Drivers/STM32WBxx_HAL_Driver/Src/stm32wbxx_hal_rcc.o
 .text.LL_RCC_GetAHBPrescaler
                0x0000000008003482       0x18 ./Drivers/STM32WBxx_HAL_Driver/Src/stm32wbxx_hal_rcc.o
 .text.LL_C2_RCC_GetAHBPrescaler
                0x000000000800349a       0x1a ./Drivers/STM32WBxx_HAL_Driver/Src/stm32wbxx_hal_rcc.o
 .text.LL_RCC_GetAHB4Prescaler
                0x00000000080034b4       0x1c ./Drivers/STM32WBxx_HAL_Driver/Src/stm32wbxx_hal_rcc.o
 .text.LL_RCC_GetAPB1Prescaler
                0x00000000080034d0       0x18 ./Drivers/STM32WBxx_HAL_Driver/Src/stm32wbxx_hal_rcc.o
 .text.LL_RCC_GetAPB2Prescaler
                0x00000000080034e8       0x18 ./Drivers/STM32WBxx_HAL_Driver/Src/stm32wbxx_hal_rcc.o
 .text.LL_RCC_PLL_Enable
                0x0000000008003500       0x1e ./Drivers/STM32WBxx_HAL_Driver/Src/stm32wbxx_hal_rcc.o
 .text.LL_RCC_PLL_Disable
                0x000000000800351e       0x1e ./Drivers/STM32WBxx_HAL_Driver/Src/stm32wbxx_hal_rcc.o
 .text.LL_RCC_PLL_IsReady
                0x000000000800353c       0x24 ./Drivers/STM32WBxx_HAL_Driver/Src/stm32wbxx_hal_rcc.o
 .text.LL_RCC_PLL_GetN
                0x0000000008003560       0x1a ./Drivers/STM32WBxx_HAL_Driver/Src/stm32wbxx_hal_rcc.o
 .text.LL_RCC_PLL_GetR
                0x000000000800357a       0x18 ./Drivers/STM32WBxx_HAL_Driver/Src/stm32wbxx_hal_rcc.o
 .text.LL_RCC_PLL_GetDivider
                0x0000000008003592       0x18 ./Drivers/STM32WBxx_HAL_Driver/Src/stm32wbxx_hal_rcc.o
 .text.LL_RCC_PLL_GetMainSource
                0x00000000080035aa       0x18 ./Drivers/STM32WBxx_HAL_Driver/Src/stm32wbxx_hal_rcc.o
 .text.LL_RCC_IsActiveFlag_HPRE
                0x00000000080035c2       0x24 ./Drivers/STM32WBxx_HAL_Driver/Src/stm32wbxx_hal_rcc.o
 .text.LL_RCC_IsActiveFlag_C2HPRE
                0x00000000080035e6       0x26 ./Drivers/STM32WBxx_HAL_Driver/Src/stm32wbxx_hal_rcc.o
 .text.LL_RCC_IsActiveFlag_SHDHPRE
                0x000000000800360c       0x26 ./Drivers/STM32WBxx_HAL_Driver/Src/stm32wbxx_hal_rcc.o
 .text.LL_RCC_IsActiveFlag_PPRE1
                0x0000000008003632       0x24 ./Drivers/STM32WBxx_HAL_Driver/Src/stm32wbxx_hal_rcc.o
 .text.LL_RCC_IsActiveFlag_PPRE2
                0x0000000008003656       0x24 ./Drivers/STM32WBxx_HAL_Driver/Src/stm32wbxx_hal_rcc.o
 *fill*         0x000000000800367a        0x2 
 .text.HAL_RCC_OscConfig
                0x000000000800367c      0x6e8 ./Drivers/STM32WBxx_HAL_Driver/Src/stm32wbxx_hal_rcc.o
                0x000000000800367c                HAL_RCC_OscConfig
 .text.HAL_RCC_ClockConfig
                0x0000000008003d64      0x280 ./Drivers/STM32WBxx_HAL_Driver/Src/stm32wbxx_hal_rcc.o
                0x0000000008003d64                HAL_RCC_ClockConfig
 .text.HAL_RCC_GetSysClockFreq
                0x0000000008003fe4       0xd8 ./Drivers/STM32WBxx_HAL_Driver/Src/stm32wbxx_hal_rcc.o
                0x0000000008003fe4                HAL_RCC_GetSysClockFreq
 .text.HAL_RCC_GetHCLKFreq
                0x00000000080040bc       0x28 ./Drivers/STM32WBxx_HAL_Driver/Src/stm32wbxx_hal_rcc.o
                0x00000000080040bc                HAL_RCC_GetHCLKFreq
 .text.HAL_RCC_GetPCLK1Freq
                0x00000000080040e4       0x2c ./Drivers/STM32WBxx_HAL_Driver/Src/stm32wbxx_hal_rcc.o
                0x00000000080040e4                HAL_RCC_GetPCLK1Freq
 .text.HAL_RCC_GetPCLK2Freq
                0x0000000008004110       0x2c ./Drivers/STM32WBxx_HAL_Driver/Src/stm32wbxx_hal_rcc.o
                0x0000000008004110                HAL_RCC_GetPCLK2Freq
 .text.HAL_RCC_GetClockConfig
                0x000000000800413c       0x64 ./Drivers/STM32WBxx_HAL_Driver/Src/stm32wbxx_hal_rcc.o
                0x000000000800413c                HAL_RCC_GetClockConfig
 .text.RCC_SetFlashLatencyFromMSIRange
                0x00000000080041a0       0x70 ./Drivers/STM32WBxx_HAL_Driver/Src/stm32wbxx_hal_rcc.o
 .text.RCC_SetFlashLatency
                0x0000000008004210       0xf8 ./Drivers/STM32WBxx_HAL_Driver/Src/stm32wbxx_hal_rcc.o
 .text.LL_RCC_LSE_IsEnabled
                0x0000000008004308       0x24 ./Drivers/STM32WBxx_HAL_Driver/Src/stm32wbxx_hal_rcc_ex.o
 .text.LL_RCC_LSE_IsReady
                0x000000000800432c       0x24 ./Drivers/STM32WBxx_HAL_Driver/Src/stm32wbxx_hal_rcc_ex.o
 .text.LL_RCC_SetRFWKPClockSource
                0x0000000008004350       0x2c ./Drivers/STM32WBxx_HAL_Driver/Src/stm32wbxx_hal_rcc_ex.o
 .text.LL_RCC_SetSMPSClockSource
                0x000000000800437c       0x28 ./Drivers/STM32WBxx_HAL_Driver/Src/stm32wbxx_hal_rcc_ex.o
 .text.LL_RCC_SetSMPSPrescaler
                0x00000000080043a4       0x28 ./Drivers/STM32WBxx_HAL_Driver/Src/stm32wbxx_hal_rcc_ex.o
 .text.LL_RCC_SetUSARTClockSource
                0x00000000080043cc       0x2c ./Drivers/STM32WBxx_HAL_Driver/Src/stm32wbxx_hal_rcc_ex.o
 .text.LL_RCC_SetLPUARTClockSource
                0x00000000080043f8       0x2c ./Drivers/STM32WBxx_HAL_Driver/Src/stm32wbxx_hal_rcc_ex.o
 .text.LL_RCC_SetI2CClockSource
                0x0000000008004424       0x3a ./Drivers/STM32WBxx_HAL_Driver/Src/stm32wbxx_hal_rcc_ex.o
 .text.LL_RCC_SetLPTIMClockSource
                0x000000000800445e       0x34 ./Drivers/STM32WBxx_HAL_Driver/Src/stm32wbxx_hal_rcc_ex.o
 .text.LL_RCC_SetSAIClockSource
                0x0000000008004492       0x2c ./Drivers/STM32WBxx_HAL_Driver/Src/stm32wbxx_hal_rcc_ex.o
 .text.LL_RCC_SetRNGClockSource
                0x00000000080044be       0x2c ./Drivers/STM32WBxx_HAL_Driver/Src/stm32wbxx_hal_rcc_ex.o
 .text.LL_RCC_SetCLK48ClockSource
                0x00000000080044ea       0x2c ./Drivers/STM32WBxx_HAL_Driver/Src/stm32wbxx_hal_rcc_ex.o
 .text.LL_RCC_SetUSBClockSource
                0x0000000008004516       0x16 ./Drivers/STM32WBxx_HAL_Driver/Src/stm32wbxx_hal_rcc_ex.o
 .text.LL_RCC_SetADCClockSource
                0x000000000800452c       0x2c ./Drivers/STM32WBxx_HAL_Driver/Src/stm32wbxx_hal_rcc_ex.o
 .text.LL_RCC_SetRTCClockSource
                0x0000000008004558       0x2c ./Drivers/STM32WBxx_HAL_Driver/Src/stm32wbxx_hal_rcc_ex.o
 .text.LL_RCC_GetRTCClockSource
                0x0000000008004584       0x1a ./Drivers/STM32WBxx_HAL_Driver/Src/stm32wbxx_hal_rcc_ex.o
 .text.LL_RCC_ForceBackupDomainReset
                0x000000000800459e       0x22 ./Drivers/STM32WBxx_HAL_Driver/Src/stm32wbxx_hal_rcc_ex.o
 .text.LL_RCC_ReleaseBackupDomainReset
                0x00000000080045c0       0x22 ./Drivers/STM32WBxx_HAL_Driver/Src/stm32wbxx_hal_rcc_ex.o
 .text.LL_RCC_PLLSAI1_Enable
                0x00000000080045e2       0x1e ./Drivers/STM32WBxx_HAL_Driver/Src/stm32wbxx_hal_rcc_ex.o
 .text.LL_RCC_PLLSAI1_Disable
                0x0000000008004600       0x1e ./Drivers/STM32WBxx_HAL_Driver/Src/stm32wbxx_hal_rcc_ex.o
 .text.LL_RCC_PLLSAI1_IsReady
                0x000000000800461e       0x24 ./Drivers/STM32WBxx_HAL_Driver/Src/stm32wbxx_hal_rcc_ex.o
 .text.HAL_RCCEx_PeriphCLKConfig
                0x0000000008004642      0x2ec ./Drivers/STM32WBxx_HAL_Driver/Src/stm32wbxx_hal_rcc_ex.o
                0x0000000008004642                HAL_RCCEx_PeriphCLKConfig
 .text.RCCEx_PLLSAI1_ConfigNP
                0x000000000800492e       0xb6 ./Drivers/STM32WBxx_HAL_Driver/Src/stm32wbxx_hal_rcc_ex.o
 .text.RCCEx_PLLSAI1_ConfigNQ
                0x00000000080049e4       0xb6 ./Drivers/STM32WBxx_HAL_Driver/Src/stm32wbxx_hal_rcc_ex.o
 .text.RCCEx_PLLSAI1_ConfigNR
                0x0000000008004a9a       0xb6 ./Drivers/STM32WBxx_HAL_Driver/Src/stm32wbxx_hal_rcc_ex.o
 .text.HAL_SPI_Init
                0x0000000008004b50      0x146 ./Drivers/STM32WBxx_HAL_Driver/Src/stm32wbxx_hal_spi.o
                0x0000000008004b50                HAL_SPI_Init
 .text.HAL_TIM_Base_Init
                0x0000000008004c96       0xae ./Drivers/STM32WBxx_HAL_Driver/Src/stm32wbxx_hal_tim.o
                0x0000000008004c96                HAL_TIM_Base_Init
 .text.HAL_TIM_Base_Start_IT
                0x0000000008004d44       0x9c ./Drivers/STM32WBxx_HAL_Driver/Src/stm32wbxx_hal_tim.o
                0x0000000008004d44                HAL_TIM_Base_Start_IT
 .text.HAL_TIM_PWM_Init
                0x0000000008004de0       0xae ./Drivers/STM32WBxx_HAL_Driver/Src/stm32wbxx_hal_tim.o
                0x0000000008004de0                HAL_TIM_PWM_Init
 .text.HAL_TIM_PWM_MspInit
                0x0000000008004e8e       0x14 ./Drivers/STM32WBxx_HAL_Driver/Src/stm32wbxx_hal_tim.o
                0x0000000008004e8e                HAL_TIM_PWM_MspInit
 .text.HAL_TIM_IRQHandler
                0x0000000008004ea2      0x23e ./Drivers/STM32WBxx_HAL_Driver/Src/stm32wbxx_hal_tim.o
                0x0000000008004ea2                HAL_TIM_IRQHandler
 .text.HAL_TIM_PWM_ConfigChannel
                0x00000000080050e0      0x228 ./Drivers/STM32WBxx_HAL_Driver/Src/stm32wbxx_hal_tim.o
                0x00000000080050e0                HAL_TIM_PWM_ConfigChannel
 .text.HAL_TIM_ConfigClockSource
                0x0000000008005308      0x192 ./Drivers/STM32WBxx_HAL_Driver/Src/stm32wbxx_hal_tim.o
                0x0000000008005308                HAL_TIM_ConfigClockSource
 .text.HAL_TIM_OC_DelayElapsedCallback
                0x000000000800549a       0x14 ./Drivers/STM32WBxx_HAL_Driver/Src/stm32wbxx_hal_tim.o
                0x000000000800549a                HAL_TIM_OC_DelayElapsedCallback
 .text.HAL_TIM_IC_CaptureCallback
                0x00000000080054ae       0x14 ./Drivers/STM32WBxx_HAL_Driver/Src/stm32wbxx_hal_tim.o
                0x00000000080054ae                HAL_TIM_IC_CaptureCallback
 .text.HAL_TIM_PWM_PulseFinishedCallback
                0x00000000080054c2       0x14 ./Drivers/STM32WBxx_HAL_Driver/Src/stm32wbxx_hal_tim.o
                0x00000000080054c2                HAL_TIM_PWM_PulseFinishedCallback
 .text.HAL_TIM_TriggerCallback
                0x00000000080054d6       0x14 ./Drivers/STM32WBxx_HAL_Driver/Src/stm32wbxx_hal_tim.o
                0x00000000080054d6                HAL_TIM_TriggerCallback
 *fill*         0x00000000080054ea        0x2 
 .text.TIM_Base_SetConfig
                0x00000000080054ec       0xc8 ./Drivers/STM32WBxx_HAL_Driver/Src/stm32wbxx_hal_tim.o
                0x00000000080054ec                TIM_Base_SetConfig
 .text.TIM_OC1_SetConfig
                0x00000000080055b4       0xf8 ./Drivers/STM32WBxx_HAL_Driver/Src/stm32wbxx_hal_tim.o
 .text.TIM_OC2_SetConfig
                0x00000000080056ac       0xf4 ./Drivers/STM32WBxx_HAL_Driver/Src/stm32wbxx_hal_tim.o
                0x00000000080056ac                TIM_OC2_SetConfig
 .text.TIM_OC3_SetConfig
                0x00000000080057a0       0xf0 ./Drivers/STM32WBxx_HAL_Driver/Src/stm32wbxx_hal_tim.o
 .text.TIM_OC4_SetConfig
                0x0000000008005890       0xbc ./Drivers/STM32WBxx_HAL_Driver/Src/stm32wbxx_hal_tim.o
 .text.TIM_OC5_SetConfig
                0x000000000800594c       0xb0 ./Drivers/STM32WBxx_HAL_Driver/Src/stm32wbxx_hal_tim.o
 .text.TIM_OC6_SetConfig
                0x00000000080059fc       0xb4 ./Drivers/STM32WBxx_HAL_Driver/Src/stm32wbxx_hal_tim.o
 .text.TIM_TI1_ConfigInputStage
                0x0000000008005ab0       0x5e ./Drivers/STM32WBxx_HAL_Driver/Src/stm32wbxx_hal_tim.o
 .text.TIM_TI2_ConfigInputStage
                0x0000000008005b0e       0x60 ./Drivers/STM32WBxx_HAL_Driver/Src/stm32wbxx_hal_tim.o
 .text.TIM_ITRx_SetConfig
                0x0000000008005b6e       0x3a ./Drivers/STM32WBxx_HAL_Driver/Src/stm32wbxx_hal_tim.o
 .text.TIM_ETR_SetConfig
                0x0000000008005ba8       0x40 ./Drivers/STM32WBxx_HAL_Driver/Src/stm32wbxx_hal_tim.o
                0x0000000008005ba8                TIM_ETR_SetConfig
 .text.HAL_TIMEx_MasterConfigSynchronization
                0x0000000008005be8       0xc0 ./Drivers/STM32WBxx_HAL_Driver/Src/stm32wbxx_hal_tim_ex.o
                0x0000000008005be8                HAL_TIMEx_MasterConfigSynchronization
 .text.HAL_TIMEx_ConfigBreakDeadTime
                0x0000000008005ca8      0x120 ./Drivers/STM32WBxx_HAL_Driver/Src/stm32wbxx_hal_tim_ex.o
                0x0000000008005ca8                HAL_TIMEx_ConfigBreakDeadTime
 .text.HAL_TIMEx_CommutCallback
                0x0000000008005dc8       0x14 ./Drivers/STM32WBxx_HAL_Driver/Src/stm32wbxx_hal_tim_ex.o
                0x0000000008005dc8                HAL_TIMEx_CommutCallback
 .text.HAL_TIMEx_BreakCallback
                0x0000000008005ddc       0x14 ./Drivers/STM32WBxx_HAL_Driver/Src/stm32wbxx_hal_tim_ex.o
                0x0000000008005ddc                HAL_TIMEx_BreakCallback
 .text.HAL_TIMEx_Break2Callback
                0x0000000008005df0       0x14 ./Drivers/STM32WBxx_HAL_Driver/Src/stm32wbxx_hal_tim_ex.o
                0x0000000008005df0                HAL_TIMEx_Break2Callback
 .text.LL_RCC_GetUSARTClockSource
                0x0000000008005e04       0x20 ./Drivers/STM32WBxx_HAL_Driver/Src/stm32wbxx_hal_uart.o
 .text.LL_RCC_GetLPUARTClockSource
                0x0000000008005e24       0x20 ./Drivers/STM32WBxx_HAL_Driver/Src/stm32wbxx_hal_uart.o
 .text.HAL_UART_Init
                0x0000000008005e44       0xa0 ./Drivers/STM32WBxx_HAL_Driver/Src/stm32wbxx_hal_uart.o
                0x0000000008005e44                HAL_UART_Init
 .text.UART_SetConfig
                0x0000000008005ee4      0x450 ./Drivers/STM32WBxx_HAL_Driver/Src/stm32wbxx_hal_uart.o
                0x0000000008005ee4                UART_SetConfig
 .text.UART_AdvFeatureConfig
                0x0000000008006334      0x144 ./Drivers/STM32WBxx_HAL_Driver/Src/stm32wbxx_hal_uart.o
                0x0000000008006334                UART_AdvFeatureConfig
 .text.UART_CheckIdleState
                0x0000000008006478      0x154 ./Drivers/STM32WBxx_HAL_Driver/Src/stm32wbxx_hal_uart.o
                0x0000000008006478                UART_CheckIdleState
 .text.UART_WaitOnFlagUntilTimeout
                0x00000000080065cc       0xce ./Drivers/STM32WBxx_HAL_Driver/Src/stm32wbxx_hal_uart.o
                0x00000000080065cc                UART_WaitOnFlagUntilTimeout
 .text.UART_EndRxTransfer
                0x000000000800669a       0xcc ./Drivers/STM32WBxx_HAL_Driver/Src/stm32wbxx_hal_uart.o
 .text.HAL_UARTEx_DisableFifoMode
                0x0000000008006766       0x72 ./Drivers/STM32WBxx_HAL_Driver/Src/stm32wbxx_hal_uart_ex.o
                0x0000000008006766                HAL_UARTEx_DisableFifoMode
 .text.HAL_UARTEx_SetTxFifoThreshold
                0x00000000080067d8       0x7c ./Drivers/STM32WBxx_HAL_Driver/Src/stm32wbxx_hal_uart_ex.o
                0x00000000080067d8                HAL_UARTEx_SetTxFifoThreshold
 .text.HAL_UARTEx_SetRxFifoThreshold
                0x0000000008006854       0x7c ./Drivers/STM32WBxx_HAL_Driver/Src/stm32wbxx_hal_uart_ex.o
                0x0000000008006854                HAL_UARTEx_SetRxFifoThreshold
 .text.UARTEx_SetNbDataToProcess
                0x00000000080068d0       0x9c ./Drivers/STM32WBxx_HAL_Driver/Src/stm32wbxx_hal_uart_ex.o
 .text.LL_EXTI_EnableIT_0_31
                0x000000000800696c       0x28 ./Drivers/STM32WBxx_HAL_Driver/Src/stm32wbxx_ll_exti.o
 .text.LL_EXTI_EnableIT_32_63
                0x0000000008006994       0x28 ./Drivers/STM32WBxx_HAL_Driver/Src/stm32wbxx_ll_exti.o
 .text.LL_EXTI_DisableIT_0_31
                0x00000000080069bc       0x2c ./Drivers/STM32WBxx_HAL_Driver/Src/stm32wbxx_ll_exti.o
 .text.LL_EXTI_DisableIT_32_63
                0x00000000080069e8       0x2c ./Drivers/STM32WBxx_HAL_Driver/Src/stm32wbxx_ll_exti.o
 .text.LL_EXTI_EnableEvent_0_31
                0x0000000008006a14       0x28 ./Drivers/STM32WBxx_HAL_Driver/Src/stm32wbxx_ll_exti.o
 .text.LL_EXTI_EnableEvent_32_63
                0x0000000008006a3c       0x28 ./Drivers/STM32WBxx_HAL_Driver/Src/stm32wbxx_ll_exti.o
 .text.LL_EXTI_DisableEvent_0_31
                0x0000000008006a64       0x2c ./Drivers/STM32WBxx_HAL_Driver/Src/stm32wbxx_ll_exti.o
 .text.LL_EXTI_DisableEvent_32_63
                0x0000000008006a90       0x2c ./Drivers/STM32WBxx_HAL_Driver/Src/stm32wbxx_ll_exti.o
 .text.LL_EXTI_EnableRisingTrig_0_31
                0x0000000008006abc       0x24 ./Drivers/STM32WBxx_HAL_Driver/Src/stm32wbxx_ll_exti.o
 .text.LL_EXTI_EnableRisingTrig_32_63
                0x0000000008006ae0       0x24 ./Drivers/STM32WBxx_HAL_Driver/Src/stm32wbxx_ll_exti.o
 .text.LL_EXTI_DisableRisingTrig_0_31
                0x0000000008006b04       0x28 ./Drivers/STM32WBxx_HAL_Driver/Src/stm32wbxx_ll_exti.o
 .text.LL_EXTI_DisableRisingTrig_32_63
                0x0000000008006b2c       0x28 ./Drivers/STM32WBxx_HAL_Driver/Src/stm32wbxx_ll_exti.o
 .text.LL_EXTI_EnableFallingTrig_0_31
                0x0000000008006b54       0x24 ./Drivers/STM32WBxx_HAL_Driver/Src/stm32wbxx_ll_exti.o
 .text.LL_EXTI_EnableFallingTrig_32_63
                0x0000000008006b78       0x24 ./Drivers/STM32WBxx_HAL_Driver/Src/stm32wbxx_ll_exti.o
 .text.LL_EXTI_DisableFallingTrig_0_31
                0x0000000008006b9c       0x28 ./Drivers/STM32WBxx_HAL_Driver/Src/stm32wbxx_ll_exti.o
 .text.LL_EXTI_DisableFallingTrig_32_63
                0x0000000008006bc4       0x28 ./Drivers/STM32WBxx_HAL_Driver/Src/stm32wbxx_ll_exti.o
 .text.LL_EXTI_Init
                0x0000000008006bec      0x1e0 ./Drivers/STM32WBxx_HAL_Driver/Src/stm32wbxx_ll_exti.o
                0x0000000008006bec                LL_EXTI_Init
 .text.LL_GPIO_SetPinMode
                0x0000000008006dcc       0x7a ./Drivers/STM32WBxx_HAL_Driver/Src/stm32wbxx_ll_gpio.o
 .text.LL_GPIO_SetPinOutputType
                0x0000000008006e46       0x30 ./Drivers/STM32WBxx_HAL_Driver/Src/stm32wbxx_ll_gpio.o
 .text.LL_GPIO_SetPinSpeed
                0x0000000008006e76       0x7a ./Drivers/STM32WBxx_HAL_Driver/Src/stm32wbxx_ll_gpio.o
 .text.LL_GPIO_SetPinPull
                0x0000000008006ef0       0x7a ./Drivers/STM32WBxx_HAL_Driver/Src/stm32wbxx_ll_gpio.o
 .text.LL_GPIO_SetAFPin_0_7
                0x0000000008006f6a       0x7a ./Drivers/STM32WBxx_HAL_Driver/Src/stm32wbxx_ll_gpio.o
 .text.LL_GPIO_SetAFPin_8_15
                0x0000000008006fe4       0x7e ./Drivers/STM32WBxx_HAL_Driver/Src/stm32wbxx_ll_gpio.o
 .text.LL_GPIO_Init
                0x0000000008007062       0xfa ./Drivers/STM32WBxx_HAL_Driver/Src/stm32wbxx_ll_gpio.o
                0x0000000008007062                LL_GPIO_Init
 .text.USB_DisableGlobalInt
                0x000000000800715c       0x36 ./Drivers/STM32WBxx_HAL_Driver/Src/stm32wbxx_ll_usb.o
                0x000000000800715c                USB_DisableGlobalInt
 .text.USB_DevInit
                0x0000000008007192       0x42 ./Drivers/STM32WBxx_HAL_Driver/Src/stm32wbxx_ll_usb.o
                0x0000000008007192                USB_DevInit
 .text.memset   0x00000000080071d4       0x10 I:/programy/ST/STM32CubeIDE_1.14.0/STM32CubeIDE/plugins/com.st.stm32cube.ide.mcu.externaltools.gnu-tools-for-stm32.11.3.rel1.win32_1.1.100.202309141235/tools/bin/../lib/gcc/arm-none-eabi/11.3.1/../../../../arm-none-eabi/lib/thumb/v7e-m+fp/hard\libc_nano.a(libc_a-memset.o)
                0x00000000080071d4                memset
 .text.__libc_init_array
                0x00000000080071e4       0x48 I:/programy/ST/STM32CubeIDE_1.14.0/STM32CubeIDE/plugins/com.st.stm32cube.ide.mcu.externaltools.gnu-tools-for-stm32.11.3.rel1.win32_1.1.100.202309141235/tools/bin/../lib/gcc/arm-none-eabi/11.3.1/../../../../arm-none-eabi/lib/thumb/v7e-m+fp/hard\libc_nano.a(libc_a-init.o)
                0x00000000080071e4                __libc_init_array
 *(.glue_7)
 .glue_7        0x000000000800722c        0x0 linker stubs
 *(.glue_7t)
 .glue_7t       0x000000000800722c        0x0 linker stubs
 *(.eh_frame)
 .eh_frame      0x000000000800722c        0x0 I:/programy/ST/STM32CubeIDE_1.14.0/STM32CubeIDE/plugins/com.st.stm32cube.ide.mcu.externaltools.gnu-tools-for-stm32.11.3.rel1.win32_1.1.100.202309141235/tools/bin/../lib/gcc/arm-none-eabi/11.3.1/thumb/v7e-m+fp/hard/crtbegin.o
 *(.init)
 .init          0x000000000800722c        0x4 I:/programy/ST/STM32CubeIDE_1.14.0/STM32CubeIDE/plugins/com.st.stm32cube.ide.mcu.externaltools.gnu-tools-for-stm32.11.3.rel1.win32_1.1.100.202309141235/tools/bin/../lib/gcc/arm-none-eabi/11.3.1/thumb/v7e-m+fp/hard/crti.o
                0x000000000800722c                _init
 .init          0x0000000008007230        0x8 I:/programy/ST/STM32CubeIDE_1.14.0/STM32CubeIDE/plugins/com.st.stm32cube.ide.mcu.externaltools.gnu-tools-for-stm32.11.3.rel1.win32_1.1.100.202309141235/tools/bin/../lib/gcc/arm-none-eabi/11.3.1/thumb/v7e-m+fp/hard/crtn.o
 *(.fini)
 .fini          0x0000000008007238        0x4 I:/programy/ST/STM32CubeIDE_1.14.0/STM32CubeIDE/plugins/com.st.stm32cube.ide.mcu.externaltools.gnu-tools-for-stm32.11.3.rel1.win32_1.1.100.202309141235/tools/bin/../lib/gcc/arm-none-eabi/11.3.1/thumb/v7e-m+fp/hard/crti.o
                0x0000000008007238                _fini
 .fini          0x000000000800723c        0x8 I:/programy/ST/STM32CubeIDE_1.14.0/STM32CubeIDE/plugins/com.st.stm32cube.ide.mcu.externaltools.gnu-tools-for-stm32.11.3.rel1.win32_1.1.100.202309141235/tools/bin/../lib/gcc/arm-none-eabi/11.3.1/thumb/v7e-m+fp/hard/crtn.o
                0x0000000008007244                . = ALIGN (0x4)
                0x0000000008007244                _etext = .

.vfp11_veneer   0x0000000008007244        0x0
 .vfp11_veneer  0x0000000008007244        0x0 linker stubs

.v4_bx          0x0000000008007244        0x0
 .v4_bx         0x0000000008007244        0x0 linker stubs

.iplt           0x0000000008007244        0x0
 .iplt          0x0000000008007244        0x0 I:/programy/ST/STM32CubeIDE_1.14.0/STM32CubeIDE/plugins/com.st.stm32cube.ide.mcu.externaltools.gnu-tools-for-stm32.11.3.rel1.win32_1.1.100.202309141235/tools/bin/../lib/gcc/arm-none-eabi/11.3.1/thumb/v7e-m+fp/hard/crtbegin.o

.rodata         0x0000000008007244       0xf4
                0x0000000008007244                . = ALIGN (0x4)
 *(.rodata)
 .rodata        0x0000000008007244       0x2c ./Drivers/STM32WBxx_HAL_Driver/Src/stm32wbxx_hal_rcc.o
 *(.rodata*)
 .rodata.AHBPrescTable
                0x0000000008007270       0x40 ./Core/Src/system_stm32wbxx.o
                0x0000000008007270                AHBPrescTable
 .rodata.APBPrescTable
                0x00000000080072b0       0x20 ./Core/Src/system_stm32wbxx.o
                0x00000000080072b0                APBPrescTable
 .rodata.MSIRangeTable
                0x00000000080072d0       0x40 ./Core/Src/system_stm32wbxx.o
                0x00000000080072d0                MSIRangeTable
 .rodata.UARTPrescTable
                0x0000000008007310       0x18 ./Drivers/STM32WBxx_HAL_Driver/Src/stm32wbxx_hal_uart.o
                0x0000000008007310                UARTPrescTable
 .rodata.numerator.1
                0x0000000008007328        0x8 ./Drivers/STM32WBxx_HAL_Driver/Src/stm32wbxx_hal_uart_ex.o
 .rodata.denominator.0
                0x0000000008007330        0x8 ./Drivers/STM32WBxx_HAL_Driver/Src/stm32wbxx_hal_uart_ex.o
                0x0000000008007338                . = ALIGN (0x4)

.ARM.extab
 *(.ARM.extab* .gnu.linkonce.armextab.*)

.ARM            0x0000000008007338        0x8
                0x0000000008007338                __exidx_start = .
 *(.ARM.exidx*)
 .ARM.exidx     0x0000000008007338        0x8 I:/programy/ST/STM32CubeIDE_1.14.0/STM32CubeIDE/plugins/com.st.stm32cube.ide.mcu.externaltools.gnu-tools-for-stm32.11.3.rel1.win32_1.1.100.202309141235/tools/bin/../lib/gcc/arm-none-eabi/11.3.1/thumb/v7e-m+fp/hard\libgcc.a(_udivmoddi4.o)
                0x0000000008007340                __exidx_end = .

.rel.dyn        0x0000000008007340        0x0
 .rel.iplt      0x0000000008007340        0x0 I:/programy/ST/STM32CubeIDE_1.14.0/STM32CubeIDE/plugins/com.st.stm32cube.ide.mcu.externaltools.gnu-tools-for-stm32.11.3.rel1.win32_1.1.100.202309141235/tools/bin/../lib/gcc/arm-none-eabi/11.3.1/thumb/v7e-m+fp/hard/crtbegin.o

.preinit_array  0x0000000008007340        0x0
                0x0000000008007340                PROVIDE (__preinit_array_start = .)
 *(.preinit_array*)
                0x0000000008007340                PROVIDE (__preinit_array_end = .)

.init_array     0x0000000008007340        0x4
                0x0000000008007340                PROVIDE (__init_array_start = .)
 *(SORT_BY_NAME(.init_array.*))
 *(.init_array*)
 .init_array    0x0000000008007340        0x4 I:/programy/ST/STM32CubeIDE_1.14.0/STM32CubeIDE/plugins/com.st.stm32cube.ide.mcu.externaltools.gnu-tools-for-stm32.11.3.rel1.win32_1.1.100.202309141235/tools/bin/../lib/gcc/arm-none-eabi/11.3.1/thumb/v7e-m+fp/hard/crtbegin.o
                0x0000000008007344                PROVIDE (__init_array_end = .)

.fini_array     0x0000000008007344        0x4
                [!provide]                        PROVIDE (__fini_array_start = .)
 *(SORT_BY_NAME(.fini_array.*))
 *(.fini_array*)
 .fini_array    0x0000000008007344        0x4 I:/programy/ST/STM32CubeIDE_1.14.0/STM32CubeIDE/plugins/com.st.stm32cube.ide.mcu.externaltools.gnu-tools-for-stm32.11.3.rel1.win32_1.1.100.202309141235/tools/bin/../lib/gcc/arm-none-eabi/11.3.1/thumb/v7e-m+fp/hard/crtbegin.o
                [!provide]                        PROVIDE (__fini_array_end = .)
                0x0000000008007348                _sidata = LOADADDR (.data)

.data           0x0000000020000008        0xc load address 0x0000000008007348
                0x0000000020000008                . = ALIGN (0x4)
                0x0000000020000008                _sdata = .
 *(.data)
 *(.data*)
 .data.SystemCoreClock
                0x0000000020000008        0x4 ./Core/Src/system_stm32wbxx.o
                0x0000000020000008                SystemCoreClock
 .data.uwTickPrio
                0x000000002000000c        0x4 ./Drivers/STM32WBxx_HAL_Driver/Src/stm32wbxx_hal.o
                0x000000002000000c                uwTickPrio
 .data.uwTickFreq
                0x0000000020000010        0x1 ./Drivers/STM32WBxx_HAL_Driver/Src/stm32wbxx_hal.o
                0x0000000020000010                uwTickFreq
 *(.RamFunc)
 *(.RamFunc*)
                0x0000000020000014                . = ALIGN (0x4)
 *fill*         0x0000000020000011        0x3 
                0x0000000020000014                _edata = .

.igot.plt       0x0000000020000014        0x0 load address 0x0000000008007354
 .igot.plt      0x0000000020000014        0x0 I:/programy/ST/STM32CubeIDE_1.14.0/STM32CubeIDE/plugins/com.st.stm32cube.ide.mcu.externaltools.gnu-tools-for-stm32.11.3.rel1.win32_1.1.100.202309141235/tools/bin/../lib/gcc/arm-none-eabi/11.3.1/thumb/v7e-m+fp/hard/crtbegin.o
                0x0000000020000014                . = ALIGN (0x4)

.bss            0x0000000020000014      0x5bc load address 0x0000000008007354
                0x0000000020000014                _sbss = .
                0x0000000020000014                __bss_start__ = _sbss
 *(.bss)
 .bss           0x0000000020000014       0x1c I:/programy/ST/STM32CubeIDE_1.14.0/STM32CubeIDE/plugins/com.st.stm32cube.ide.mcu.externaltools.gnu-tools-for-stm32.11.3.rel1.win32_1.1.100.202309141235/tools/bin/../lib/gcc/arm-none-eabi/11.3.1/thumb/v7e-m+fp/hard/crtbegin.o
 *(.bss*)
 .bss.hadc1     0x0000000020000030       0x64 ./Core/Src/adc.o
                0x0000000020000030                hadc1
 .bss.hlptim1   0x0000000020000094       0x38 ./Core/Src/lptim.o
                0x0000000020000094                hlptim1
 .bss.hlptim2   0x00000000200000cc       0x38 ./Core/Src/lptim.o
                0x00000000200000cc                hlptim2
 .bss.hqspi     0x0000000020000104       0x44 ./Core/Src/quadspi.o
                0x0000000020000104                hqspi
 .bss.hspi1     0x0000000020000148       0x64 ./Core/Src/spi.o
                0x0000000020000148                hspi1
 .bss.htim17    0x00000000200001ac       0x4c ./Core/Src/stm32wbxx_hal_timebase_tim.o
                0x00000000200001ac                htim17
 .bss.htim1     0x00000000200001f8       0x4c ./Core/Src/tim.o
                0x00000000200001f8                htim1
 .bss.hlpuart1  0x0000000020000244       0x94 ./Core/Src/usart.o
                0x0000000020000244                hlpuart1
 .bss.hpcd_USB_FS
                0x00000000200002d8      0x2f4 ./Core/Src/usb.o
                0x00000000200002d8                hpcd_USB_FS
 .bss.uwTick    0x00000000200005cc        0x4 ./Drivers/STM32WBxx_HAL_Driver/Src/stm32wbxx_hal.o
                0x00000000200005cc                uwTick
 *(COMMON)
                0x00000000200005d0                . = ALIGN (0x4)
                0x00000000200005d0                _ebss = .
                0x00000000200005d0                __bss_end__ = _ebss

._user_heap_stack
                0x00000000200005d0      0x600 load address 0x0000000008007354
                0x00000000200005d0                . = ALIGN (0x8)
                [!provide]                        PROVIDE (end = .)
                0x00000000200005d0                PROVIDE (_end = .)
                0x00000000200007d0                . = (. + _Min_Heap_Size)
 *fill*         0x00000000200005d0      0x200 
                0x0000000020000bd0                . = (. + _Min_Stack_Size)
 *fill*         0x00000000200007d0      0x400 
                0x0000000020000bd0                . = ALIGN (0x8)

/DISCARD/
 libc.a(*)
 libm.a(*)
 libgcc.a(*)

.ARM.attributes
                0x0000000000000000       0x30
 *(.ARM.attributes)
 .ARM.attributes
                0x0000000000000000       0x1e I:/programy/ST/STM32CubeIDE_1.14.0/STM32CubeIDE/plugins/com.st.stm32cube.ide.mcu.externaltools.gnu-tools-for-stm32.11.3.rel1.win32_1.1.100.202309141235/tools/bin/../lib/gcc/arm-none-eabi/11.3.1/thumb/v7e-m+fp/hard/crti.o
 .ARM.attributes
                0x000000000000001e       0x34 I:/programy/ST/STM32CubeIDE_1.14.0/STM32CubeIDE/plugins/com.st.stm32cube.ide.mcu.externaltools.gnu-tools-for-stm32.11.3.rel1.win32_1.1.100.202309141235/tools/bin/../lib/gcc/arm-none-eabi/11.3.1/thumb/v7e-m+fp/hard/crtbegin.o
 .ARM.attributes
                0x0000000000000052       0x34 ./Core/Src/adc.o
 .ARM.attributes
                0x0000000000000086       0x34 ./Core/Src/gpio.o
 .ARM.attributes
                0x00000000000000ba       0x34 ./Core/Src/lptim.o
 .ARM.attributes
                0x00000000000000ee       0x34 ./Core/Src/main.o
 .ARM.attributes
                0x0000000000000122       0x34 ./Core/Src/quadspi.o
 .ARM.attributes
                0x0000000000000156       0x34 ./Core/Src/rf.o
 .ARM.attributes
                0x000000000000018a       0x34 ./Core/Src/spi.o
 .ARM.attributes
                0x00000000000001be       0x34 ./Core/Src/stm32wbxx_hal_msp.o
 .ARM.attributes
                0x00000000000001f2       0x34 ./Core/Src/stm32wbxx_hal_timebase_tim.o
 .ARM.attributes
                0x0000000000000226       0x34 ./Core/Src/stm32wbxx_it.o
 .ARM.attributes
                0x000000000000025a       0x34 ./Core/Src/system_stm32wbxx.o
 .ARM.attributes
                0x000000000000028e       0x34 ./Core/Src/tim.o
 .ARM.attributes
                0x00000000000002c2       0x34 ./Core/Src/usart.o
 .ARM.attributes
                0x00000000000002f6       0x34 ./Core/Src/usb.o
 .ARM.attributes
                0x000000000000032a       0x21 ./Core/Startup/startup_stm32wb55rgvx.o
 .ARM.attributes
                0x000000000000034b       0x34 ./Drivers/STM32WBxx_HAL_Driver/Src/stm32wbxx_hal.o
 .ARM.attributes
                0x000000000000037f       0x34 ./Drivers/STM32WBxx_HAL_Driver/Src/stm32wbxx_hal_adc.o
 .ARM.attributes
                0x00000000000003b3       0x34 ./Drivers/STM32WBxx_HAL_Driver/Src/stm32wbxx_hal_cortex.o
 .ARM.attributes
                0x00000000000003e7       0x34 ./Drivers/STM32WBxx_HAL_Driver/Src/stm32wbxx_hal_gpio.o
 .ARM.attributes
                0x000000000000041b       0x34 ./Drivers/STM32WBxx_HAL_Driver/Src/stm32wbxx_hal_lptim.o
 .ARM.attributes
                0x000000000000044f       0x34 ./Drivers/STM32WBxx_HAL_Driver/Src/stm32wbxx_hal_pcd.o
 .ARM.attributes
                0x0000000000000483       0x34 ./Drivers/STM32WBxx_HAL_Driver/Src/stm32wbxx_hal_pcd_ex.o
 .ARM.attributes
                0x00000000000004b7       0x34 ./Drivers/STM32WBxx_HAL_Driver/Src/stm32wbxx_hal_pwr.o
 .ARM.attributes
                0x00000000000004eb       0x34 ./Drivers/STM32WBxx_HAL_Driver/Src/stm32wbxx_hal_pwr_ex.o
 .ARM.attributes
                0x000000000000051f       0x34 ./Drivers/STM32WBxx_HAL_Driver/Src/stm32wbxx_hal_qspi.o
 .ARM.attributes
                0x0000000000000553       0x34 ./Drivers/STM32WBxx_HAL_Driver/Src/stm32wbxx_hal_rcc.o
 .ARM.attributes
                0x0000000000000587       0x34 ./Drivers/STM32WBxx_HAL_Driver/Src/stm32wbxx_hal_rcc_ex.o
 .ARM.attributes
                0x00000000000005bb       0x34 ./Drivers/STM32WBxx_HAL_Driver/Src/stm32wbxx_hal_spi.o
 .ARM.attributes
                0x00000000000005ef       0x34 ./Drivers/STM32WBxx_HAL_Driver/Src/stm32wbxx_hal_tim.o
 .ARM.attributes
                0x0000000000000623       0x34 ./Drivers/STM32WBxx_HAL_Driver/Src/stm32wbxx_hal_tim_ex.o
 .ARM.attributes
                0x0000000000000657       0x34 ./Drivers/STM32WBxx_HAL_Driver/Src/stm32wbxx_hal_uart.o
 .ARM.attributes
                0x000000000000068b       0x34 ./Drivers/STM32WBxx_HAL_Driver/Src/stm32wbxx_hal_uart_ex.o
 .ARM.attributes
                0x00000000000006bf       0x34 ./Drivers/STM32WBxx_HAL_Driver/Src/stm32wbxx_ll_exti.o
 .ARM.attributes
                0x00000000000006f3       0x34 ./Drivers/STM32WBxx_HAL_Driver/Src/stm32wbxx_ll_gpio.o
 .ARM.attributes
                0x0000000000000727       0x34 ./Drivers/STM32WBxx_HAL_Driver/Src/stm32wbxx_ll_usb.o
 .ARM.attributes
                0x000000000000075b       0x34 I:/programy/ST/STM32CubeIDE_1.14.0/STM32CubeIDE/plugins/com.st.stm32cube.ide.mcu.externaltools.gnu-tools-for-stm32.11.3.rel1.win32_1.1.100.202309141235/tools/bin/../lib/gcc/arm-none-eabi/11.3.1/../../../../arm-none-eabi/lib/thumb/v7e-m+fp/hard\libc_nano.a(libc_a-memset.o)
 .ARM.attributes
                0x000000000000078f       0x34 I:/programy/ST/STM32CubeIDE_1.14.0/STM32CubeIDE/plugins/com.st.stm32cube.ide.mcu.externaltools.gnu-tools-for-stm32.11.3.rel1.win32_1.1.100.202309141235/tools/bin/../lib/gcc/arm-none-eabi/11.3.1/../../../../arm-none-eabi/lib/thumb/v7e-m+fp/hard\libc_nano.a(libc_a-init.o)
 .ARM.attributes
                0x00000000000007c3       0x1e I:/programy/ST/STM32CubeIDE_1.14.0/STM32CubeIDE/plugins/com.st.stm32cube.ide.mcu.externaltools.gnu-tools-for-stm32.11.3.rel1.win32_1.1.100.202309141235/tools/bin/../lib/gcc/arm-none-eabi/11.3.1/thumb/v7e-m+fp/hard\libgcc.a(_aeabi_uldivmod.o)
 .ARM.attributes
                0x00000000000007e1       0x34 I:/programy/ST/STM32CubeIDE_1.14.0/STM32CubeIDE/plugins/com.st.stm32cube.ide.mcu.externaltools.gnu-tools-for-stm32.11.3.rel1.win32_1.1.100.202309141235/tools/bin/../lib/gcc/arm-none-eabi/11.3.1/thumb/v7e-m+fp/hard\libgcc.a(_udivmoddi4.o)
 .ARM.attributes
                0x0000000000000815       0x1e I:/programy/ST/STM32CubeIDE_1.14.0/STM32CubeIDE/plugins/com.st.stm32cube.ide.mcu.externaltools.gnu-tools-for-stm32.11.3.rel1.win32_1.1.100.202309141235/tools/bin/../lib/gcc/arm-none-eabi/11.3.1/thumb/v7e-m+fp/hard\libgcc.a(_dvmd_tls.o)
 .ARM.attributes
                0x0000000000000833       0x1e I:/programy/ST/STM32CubeIDE_1.14.0/STM32CubeIDE/plugins/com.st.stm32cube.ide.mcu.externaltools.gnu-tools-for-stm32.11.3.rel1.win32_1.1.100.202309141235/tools/bin/../lib/gcc/arm-none-eabi/11.3.1/thumb/v7e-m+fp/hard/crtn.o

MAPPING_TABLE
 *(MAPPING_TABLE)

MB_MEM1
 *(MB_MEM1)
                0x0000000008007354                _siMB_MEM2 = LOADADDR (.MB_MEM2)

.MB_MEM2        0x0000000020030000        0x0 load address 0x0000000008007354
                0x0000000020030000                _sMB_MEM2 = .
 *(.MB_MEM2)
                0x0000000020030000                _eMB_MEM2 = .
OUTPUT(SmSemProject.elf elf32-littlearm)
LOAD linker stubs
LOAD I:/programy/ST/STM32CubeIDE_1.14.0/STM32CubeIDE/plugins/com.st.stm32cube.ide.mcu.externaltools.gnu-tools-for-stm32.11.3.rel1.win32_1.1.100.202309141235/tools/bin/../lib/gcc/arm-none-eabi/11.3.1/../../../../arm-none-eabi/lib/thumb/v7e-m+fp/hard\libc.a
LOAD I:/programy/ST/STM32CubeIDE_1.14.0/STM32CubeIDE/plugins/com.st.stm32cube.ide.mcu.externaltools.gnu-tools-for-stm32.11.3.rel1.win32_1.1.100.202309141235/tools/bin/../lib/gcc/arm-none-eabi/11.3.1/../../../../arm-none-eabi/lib/thumb/v7e-m+fp/hard\libm.a
LOAD I:/programy/ST/STM32CubeIDE_1.14.0/STM32CubeIDE/plugins/com.st.stm32cube.ide.mcu.externaltools.gnu-tools-for-stm32.11.3.rel1.win32_1.1.100.202309141235/tools/bin/../lib/gcc/arm-none-eabi/11.3.1/thumb/v7e-m+fp/hard\libgcc.a

.comment        0x0000000000000000       0x43
 .comment       0x0000000000000000       0x43 I:/programy/ST/STM32CubeIDE_1.14.0/STM32CubeIDE/plugins/com.st.stm32cube.ide.mcu.externaltools.gnu-tools-for-stm32.11.3.rel1.win32_1.1.100.202309141235/tools/bin/../lib/gcc/arm-none-eabi/11.3.1/thumb/v7e-m+fp/hard/crtbegin.o
                                         0x44 (size before relaxing)
 .comment       0x0000000000000043       0x44 ./Core/Src/adc.o
 .comment       0x0000000000000043       0x44 ./Core/Src/gpio.o
 .comment       0x0000000000000043       0x44 ./Core/Src/lptim.o
 .comment       0x0000000000000043       0x44 ./Core/Src/main.o
 .comment       0x0000000000000043       0x44 ./Core/Src/quadspi.o
 .comment       0x0000000000000043       0x44 ./Core/Src/rf.o
 .comment       0x0000000000000043       0x44 ./Core/Src/spi.o
 .comment       0x0000000000000043       0x44 ./Core/Src/stm32wbxx_hal_msp.o
 .comment       0x0000000000000043       0x44 ./Core/Src/stm32wbxx_hal_timebase_tim.o
 .comment       0x0000000000000043       0x44 ./Core/Src/stm32wbxx_it.o
 .comment       0x0000000000000043       0x44 ./Core/Src/system_stm32wbxx.o
 .comment       0x0000000000000043       0x44 ./Core/Src/tim.o
 .comment       0x0000000000000043       0x44 ./Core/Src/usart.o
 .comment       0x0000000000000043       0x44 ./Core/Src/usb.o
 .comment       0x0000000000000043       0x44 ./Drivers/STM32WBxx_HAL_Driver/Src/stm32wbxx_hal.o
 .comment       0x0000000000000043       0x44 ./Drivers/STM32WBxx_HAL_Driver/Src/stm32wbxx_hal_adc.o
 .comment       0x0000000000000043       0x44 ./Drivers/STM32WBxx_HAL_Driver/Src/stm32wbxx_hal_cortex.o
 .comment       0x0000000000000043       0x44 ./Drivers/STM32WBxx_HAL_Driver/Src/stm32wbxx_hal_gpio.o
 .comment       0x0000000000000043       0x44 ./Drivers/STM32WBxx_HAL_Driver/Src/stm32wbxx_hal_lptim.o
 .comment       0x0000000000000043       0x44 ./Drivers/STM32WBxx_HAL_Driver/Src/stm32wbxx_hal_pcd.o
 .comment       0x0000000000000043       0x44 ./Drivers/STM32WBxx_HAL_Driver/Src/stm32wbxx_hal_pcd_ex.o
 .comment       0x0000000000000043       0x44 ./Drivers/STM32WBxx_HAL_Driver/Src/stm32wbxx_hal_pwr.o
 .comment       0x0000000000000043       0x44 ./Drivers/STM32WBxx_HAL_Driver/Src/stm32wbxx_hal_pwr_ex.o
 .comment       0x0000000000000043       0x44 ./Drivers/STM32WBxx_HAL_Driver/Src/stm32wbxx_hal_qspi.o
 .comment       0x0000000000000043       0x44 ./Drivers/STM32WBxx_HAL_Driver/Src/stm32wbxx_hal_rcc.o
 .comment       0x0000000000000043       0x44 ./Drivers/STM32WBxx_HAL_Driver/Src/stm32wbxx_hal_rcc_ex.o
 .comment       0x0000000000000043       0x44 ./Drivers/STM32WBxx_HAL_Driver/Src/stm32wbxx_hal_spi.o
 .comment       0x0000000000000043       0x44 ./Drivers/STM32WBxx_HAL_Driver/Src/stm32wbxx_hal_tim.o
 .comment       0x0000000000000043       0x44 ./Drivers/STM32WBxx_HAL_Driver/Src/stm32wbxx_hal_tim_ex.o
 .comment       0x0000000000000043       0x44 ./Drivers/STM32WBxx_HAL_Driver/Src/stm32wbxx_hal_uart.o
 .comment       0x0000000000000043       0x44 ./Drivers/STM32WBxx_HAL_Driver/Src/stm32wbxx_hal_uart_ex.o
 .comment       0x0000000000000043       0x44 ./Drivers/STM32WBxx_HAL_Driver/Src/stm32wbxx_ll_exti.o
 .comment       0x0000000000000043       0x44 ./Drivers/STM32WBxx_HAL_Driver/Src/stm32wbxx_ll_gpio.o
 .comment       0x0000000000000043       0x44 ./Drivers/STM32WBxx_HAL_Driver/Src/stm32wbxx_ll_usb.o

.debug_info     0x0000000000000000    0x24047
 .debug_info    0x0000000000000000      0xe5f ./Core/Src/adc.o
 .debug_info    0x0000000000000e5f      0x967 ./Core/Src/gpio.o
 .debug_info    0x00000000000017c6      0xaff ./Core/Src/lptim.o
 .debug_info    0x00000000000022c5      0xdc7 ./Core/Src/main.o
 .debug_info    0x000000000000308c      0xc00 ./Core/Src/quadspi.o
 .debug_info    0x0000000000003c8c       0x8a ./Core/Src/rf.o
 .debug_info    0x0000000000003d16      0xc46 ./Core/Src/spi.o
 .debug_info    0x000000000000495c       0x8a ./Core/Src/stm32wbxx_hal_msp.o
 .debug_info    0x00000000000049e6      0xe86 ./Core/Src/stm32wbxx_hal_timebase_tim.o
 .debug_info    0x000000000000586c      0x801 ./Core/Src/stm32wbxx_it.o
 .debug_info    0x000000000000606d      0x703 ./Core/Src/system_stm32wbxx.o
 .debug_info    0x0000000000006770     0x1255 ./Core/Src/tim.o
 .debug_info    0x00000000000079c5      0xf4a ./Core/Src/usart.o
 .debug_info    0x000000000000890f      0xb0d ./Core/Src/usb.o
 .debug_info    0x000000000000941c       0x23 ./Core/Startup/startup_stm32wb55rgvx.o
 .debug_info    0x000000000000943f     0x12ae ./Drivers/STM32WBxx_HAL_Driver/Src/stm32wbxx_hal.o
 .debug_info    0x000000000000a6ed     0x1ded ./Drivers/STM32WBxx_HAL_Driver/Src/stm32wbxx_hal_adc.o
 .debug_info    0x000000000000c4da      0xc81 ./Drivers/STM32WBxx_HAL_Driver/Src/stm32wbxx_hal_cortex.o
 .debug_info    0x000000000000d15b      0x6aa ./Drivers/STM32WBxx_HAL_Driver/Src/stm32wbxx_hal_gpio.o
 .debug_info    0x000000000000d805     0x11f1 ./Drivers/STM32WBxx_HAL_Driver/Src/stm32wbxx_hal_lptim.o
 .debug_info    0x000000000000e9f6     0x15d9 ./Drivers/STM32WBxx_HAL_Driver/Src/stm32wbxx_hal_pcd.o
 .debug_info    0x000000000000ffcf      0x80a ./Drivers/STM32WBxx_HAL_Driver/Src/stm32wbxx_hal_pcd_ex.o
 .debug_info    0x00000000000107d9      0x904 ./Drivers/STM32WBxx_HAL_Driver/Src/stm32wbxx_hal_pwr.o
 .debug_info    0x00000000000110dd     0x105d ./Drivers/STM32WBxx_HAL_Driver/Src/stm32wbxx_hal_pwr_ex.o
 .debug_info    0x000000000001213a     0x1266 ./Drivers/STM32WBxx_HAL_Driver/Src/stm32wbxx_hal_qspi.o
 .debug_info    0x00000000000133a0     0x14db ./Drivers/STM32WBxx_HAL_Driver/Src/stm32wbxx_hal_rcc.o
 .debug_info    0x000000000001487b     0x1c40 ./Drivers/STM32WBxx_HAL_Driver/Src/stm32wbxx_hal_rcc_ex.o
 .debug_info    0x00000000000164bb     0x1736 ./Drivers/STM32WBxx_HAL_Driver/Src/stm32wbxx_hal_spi.o
 .debug_info    0x0000000000017bf1     0x2b9d ./Drivers/STM32WBxx_HAL_Driver/Src/stm32wbxx_hal_tim.o
 .debug_info    0x000000000001a78e     0x189e ./Drivers/STM32WBxx_HAL_Driver/Src/stm32wbxx_hal_tim_ex.o
 .debug_info    0x000000000001c02c     0x49f4 ./Drivers/STM32WBxx_HAL_Driver/Src/stm32wbxx_hal_uart.o
 .debug_info    0x0000000000020a20      0xfda ./Drivers/STM32WBxx_HAL_Driver/Src/stm32wbxx_hal_uart_ex.o
 .debug_info    0x00000000000219fa      0x5a0 ./Drivers/STM32WBxx_HAL_Driver/Src/stm32wbxx_ll_exti.o
 .debug_info    0x0000000000021f9a      0xab5 ./Drivers/STM32WBxx_HAL_Driver/Src/stm32wbxx_ll_gpio.o
 .debug_info    0x0000000000022a4f     0x15f8 ./Drivers/STM32WBxx_HAL_Driver/Src/stm32wbxx_ll_usb.o

.debug_abbrev   0x0000000000000000     0x4e6c
 .debug_abbrev  0x0000000000000000      0x23c ./Core/Src/adc.o
 .debug_abbrev  0x000000000000023c      0x234 ./Core/Src/gpio.o
 .debug_abbrev  0x0000000000000470      0x237 ./Core/Src/lptim.o
 .debug_abbrev  0x00000000000006a7      0x214 ./Core/Src/main.o
 .debug_abbrev  0x00000000000008bb      0x252 ./Core/Src/quadspi.o
 .debug_abbrev  0x0000000000000b0d       0x45 ./Core/Src/rf.o
 .debug_abbrev  0x0000000000000b52      0x254 ./Core/Src/spi.o
 .debug_abbrev  0x0000000000000da6       0x45 ./Core/Src/stm32wbxx_hal_msp.o
 .debug_abbrev  0x0000000000000deb      0x235 ./Core/Src/stm32wbxx_hal_timebase_tim.o
 .debug_abbrev  0x0000000000001020      0x17e ./Core/Src/stm32wbxx_it.o
 .debug_abbrev  0x000000000000119e      0x13b ./Core/Src/system_stm32wbxx.o
 .debug_abbrev  0x00000000000012d9      0x25c ./Core/Src/tim.o
 .debug_abbrev  0x0000000000001535      0x272 ./Core/Src/usart.o
 .debug_abbrev  0x00000000000017a7      0x25c ./Core/Src/usb.o
 .debug_abbrev  0x0000000000001a03       0x12 ./Core/Startup/startup_stm32wb55rgvx.o
 .debug_abbrev  0x0000000000001a15      0x367 ./Drivers/STM32WBxx_HAL_Driver/Src/stm32wbxx_hal.o
 .debug_abbrev  0x0000000000001d7c      0x2cc ./Drivers/STM32WBxx_HAL_Driver/Src/stm32wbxx_hal_adc.o
 .debug_abbrev  0x0000000000002048      0x319 ./Drivers/STM32WBxx_HAL_Driver/Src/stm32wbxx_hal_cortex.o
 .debug_abbrev  0x0000000000002361      0x1e5 ./Drivers/STM32WBxx_HAL_Driver/Src/stm32wbxx_hal_gpio.o
 .debug_abbrev  0x0000000000002546      0x2b7 ./Drivers/STM32WBxx_HAL_Driver/Src/stm32wbxx_hal_lptim.o
 .debug_abbrev  0x00000000000027fd      0x2b2 ./Drivers/STM32WBxx_HAL_Driver/Src/stm32wbxx_hal_pcd.o
 .debug_abbrev  0x0000000000002aaf      0x228 ./Drivers/STM32WBxx_HAL_Driver/Src/stm32wbxx_hal_pcd_ex.o
 .debug_abbrev  0x0000000000002cd7      0x205 ./Drivers/STM32WBxx_HAL_Driver/Src/stm32wbxx_hal_pwr.o
 .debug_abbrev  0x0000000000002edc      0x31c ./Drivers/STM32WBxx_HAL_Driver/Src/stm32wbxx_hal_pwr_ex.o
 .debug_abbrev  0x00000000000031f8      0x247 ./Drivers/STM32WBxx_HAL_Driver/Src/stm32wbxx_hal_qspi.o
 .debug_abbrev  0x000000000000343f      0x31b ./Drivers/STM32WBxx_HAL_Driver/Src/stm32wbxx_hal_rcc.o
 .debug_abbrev  0x000000000000375a      0x35a ./Drivers/STM32WBxx_HAL_Driver/Src/stm32wbxx_hal_rcc_ex.o
 .debug_abbrev  0x0000000000003ab4      0x267 ./Drivers/STM32WBxx_HAL_Driver/Src/stm32wbxx_hal_spi.o
 .debug_abbrev  0x0000000000003d1b      0x277 ./Drivers/STM32WBxx_HAL_Driver/Src/stm32wbxx_hal_tim.o
 .debug_abbrev  0x0000000000003f92      0x295 ./Drivers/STM32WBxx_HAL_Driver/Src/stm32wbxx_hal_tim_ex.o
 .debug_abbrev  0x0000000000004227      0x343 ./Drivers/STM32WBxx_HAL_Driver/Src/stm32wbxx_hal_uart.o
 .debug_abbrev  0x000000000000456a      0x2d3 ./Drivers/STM32WBxx_HAL_Driver/Src/stm32wbxx_hal_uart_ex.o
 .debug_abbrev  0x000000000000483d      0x19a ./Drivers/STM32WBxx_HAL_Driver/Src/stm32wbxx_ll_exti.o
 .debug_abbrev  0x00000000000049d7      0x256 ./Drivers/STM32WBxx_HAL_Driver/Src/stm32wbxx_ll_gpio.o
 .debug_abbrev  0x0000000000004c2d      0x23f ./Drivers/STM32WBxx_HAL_Driver/Src/stm32wbxx_ll_usb.o

.debug_aranges  0x0000000000000000     0x23b8
 .debug_aranges
                0x0000000000000000       0x40 ./Core/Src/adc.o
 .debug_aranges
                0x0000000000000040       0x48 ./Core/Src/gpio.o
 .debug_aranges
                0x0000000000000088       0x60 ./Core/Src/lptim.o
 .debug_aranges
                0x00000000000000e8       0x40 ./Core/Src/main.o
 .debug_aranges
                0x0000000000000128       0x48 ./Core/Src/quadspi.o
 .debug_aranges
                0x0000000000000170       0x20 ./Core/Src/rf.o
 .debug_aranges
                0x0000000000000190       0x48 ./Core/Src/spi.o
 .debug_aranges
                0x00000000000001d8       0x20 ./Core/Src/stm32wbxx_hal_msp.o
 .debug_aranges
                0x00000000000001f8       0x38 ./Core/Src/stm32wbxx_hal_timebase_tim.o
 .debug_aranges
                0x0000000000000230       0x50 ./Core/Src/stm32wbxx_it.o
 .debug_aranges
                0x0000000000000280       0x28 ./Core/Src/system_stm32wbxx.o
 .debug_aranges
                0x00000000000002a8       0x50 ./Core/Src/tim.o
 .debug_aranges
                0x00000000000002f8       0x48 ./Core/Src/usart.o
 .debug_aranges
                0x0000000000000340       0x48 ./Core/Src/usb.o
 .debug_aranges
                0x0000000000000388       0x30 ./Core/Startup/startup_stm32wb55rgvx.o
 .debug_aranges
                0x00000000000003b8      0x280 ./Drivers/STM32WBxx_HAL_Driver/Src/stm32wbxx_hal.o
 .debug_aranges
                0x0000000000000638      0x218 ./Drivers/STM32WBxx_HAL_Driver/Src/stm32wbxx_hal_adc.o
 .debug_aranges
                0x0000000000000850      0x108 ./Drivers/STM32WBxx_HAL_Driver/Src/stm32wbxx_hal_cortex.o
 .debug_aranges
                0x0000000000000958       0x60 ./Drivers/STM32WBxx_HAL_Driver/Src/stm32wbxx_hal_gpio.o
 .debug_aranges
                0x00000000000009b8      0x198 ./Drivers/STM32WBxx_HAL_Driver/Src/stm32wbxx_hal_lptim.o
 .debug_aranges
                0x0000000000000b50      0x138 ./Drivers/STM32WBxx_HAL_Driver/Src/stm32wbxx_hal_pcd.o
 .debug_aranges
                0x0000000000000c88       0x58 ./Drivers/STM32WBxx_HAL_Driver/Src/stm32wbxx_hal_pcd_ex.o
 .debug_aranges
                0x0000000000000ce0       0xd0 ./Drivers/STM32WBxx_HAL_Driver/Src/stm32wbxx_hal_pwr.o
 .debug_aranges
                0x0000000000000db0      0x288 ./Drivers/STM32WBxx_HAL_Driver/Src/stm32wbxx_hal_pwr_ex.o
 .debug_aranges
                0x0000000000001038      0x160 ./Drivers/STM32WBxx_HAL_Driver/Src/stm32wbxx_hal_qspi.o
 .debug_aranges
                0x0000000000001198      0x270 ./Drivers/STM32WBxx_HAL_Driver/Src/stm32wbxx_hal_rcc.o
 .debug_aranges
                0x0000000000001408      0x390 ./Drivers/STM32WBxx_HAL_Driver/Src/stm32wbxx_hal_rcc_ex.o
 .debug_aranges
                0x0000000000001798      0x1d8 ./Drivers/STM32WBxx_HAL_Driver/Src/stm32wbxx_hal_spi.o
 .debug_aranges
                0x0000000000001970      0x3e0 ./Drivers/STM32WBxx_HAL_Driver/Src/stm32wbxx_hal_tim.o
 .debug_aranges
                0x0000000000001d50      0x190 ./Drivers/STM32WBxx_HAL_Driver/Src/stm32wbxx_hal_tim_ex.o
 .debug_aranges
                0x0000000000001ee0      0x258 ./Drivers/STM32WBxx_HAL_Driver/Src/stm32wbxx_hal_uart.o
 .debug_aranges
                0x0000000000002138       0xa8 ./Drivers/STM32WBxx_HAL_Driver/Src/stm32wbxx_hal_uart_ex.o
 .debug_aranges
                0x00000000000021e0       0xb0 ./Drivers/STM32WBxx_HAL_Driver/Src/stm32wbxx_ll_exti.o
 .debug_aranges
                0x0000000000002290       0x70 ./Drivers/STM32WBxx_HAL_Driver/Src/stm32wbxx_ll_gpio.o
 .debug_aranges
                0x0000000000002300       0xb8 ./Drivers/STM32WBxx_HAL_Driver/Src/stm32wbxx_ll_usb.o

.debug_rnglists
                0x0000000000000000     0x1b61
 .debug_rnglists
                0x0000000000000000       0x2c ./Core/Src/adc.o
 .debug_rnglists
                0x000000000000002c       0x32 ./Core/Src/gpio.o
 .debug_rnglists
                0x000000000000005e       0x44 ./Core/Src/lptim.o
 .debug_rnglists
                0x00000000000000a2       0x2c ./Core/Src/main.o
 .debug_rnglists
                0x00000000000000ce       0x32 ./Core/Src/quadspi.o
 .debug_rnglists
                0x0000000000000100       0x13 ./Core/Src/rf.o
 .debug_rnglists
                0x0000000000000113       0x31 ./Core/Src/spi.o
 .debug_rnglists
                0x0000000000000144       0x13 ./Core/Src/stm32wbxx_hal_msp.o
 .debug_rnglists
                0x0000000000000157       0x26 ./Core/Src/stm32wbxx_hal_timebase_tim.o
 .debug_rnglists
                0x000000000000017d       0x37 ./Core/Src/stm32wbxx_it.o
 .debug_rnglists
                0x00000000000001b4       0x1b ./Core/Src/system_stm32wbxx.o
 .debug_rnglists
                0x00000000000001cf       0x38 ./Core/Src/tim.o
 .debug_rnglists
                0x0000000000000207       0x33 ./Core/Src/usart.o
 .debug_rnglists
                0x000000000000023a       0x31 ./Core/Src/usb.o
 .debug_rnglists
                0x000000000000026b       0x1f ./Core/Startup/startup_stm32wb55rgvx.o
 .debug_rnglists
                0x000000000000028a      0x1db ./Drivers/STM32WBxx_HAL_Driver/Src/stm32wbxx_hal.o
 .debug_rnglists
                0x0000000000000465      0x19c ./Drivers/STM32WBxx_HAL_Driver/Src/stm32wbxx_hal_adc.o
 .debug_rnglists
                0x0000000000000601       0xc2 ./Drivers/STM32WBxx_HAL_Driver/Src/stm32wbxx_hal_cortex.o
 .debug_rnglists
                0x00000000000006c3       0x45 ./Drivers/STM32WBxx_HAL_Driver/Src/stm32wbxx_hal_gpio.o
 .debug_rnglists
                0x0000000000000708      0x141 ./Drivers/STM32WBxx_HAL_Driver/Src/stm32wbxx_hal_lptim.o
 .debug_rnglists
                0x0000000000000849       0xee ./Drivers/STM32WBxx_HAL_Driver/Src/stm32wbxx_hal_pcd.o
 .debug_rnglists
                0x0000000000000937       0x3f ./Drivers/STM32WBxx_HAL_Driver/Src/stm32wbxx_hal_pcd_ex.o
 .debug_rnglists
                0x0000000000000976       0x99 ./Drivers/STM32WBxx_HAL_Driver/Src/stm32wbxx_hal_pwr.o
 .debug_rnglists
                0x0000000000000a0f      0x1e8 ./Drivers/STM32WBxx_HAL_Driver/Src/stm32wbxx_hal_pwr_ex.o
 .debug_rnglists
                0x0000000000000bf7      0x113 ./Drivers/STM32WBxx_HAL_Driver/Src/stm32wbxx_hal_qspi.o
 .debug_rnglists
                0x0000000000000d0a      0x1d6 ./Drivers/STM32WBxx_HAL_Driver/Src/stm32wbxx_hal_rcc.o
 .debug_rnglists
                0x0000000000000ee0      0x2b6 ./Drivers/STM32WBxx_HAL_Driver/Src/stm32wbxx_hal_rcc_ex.o
 .debug_rnglists
                0x0000000000001196      0x178 ./Drivers/STM32WBxx_HAL_Driver/Src/stm32wbxx_hal_spi.o
 .debug_rnglists
                0x000000000000130e      0x328 ./Drivers/STM32WBxx_HAL_Driver/Src/stm32wbxx_hal_tim.o
 .debug_rnglists
                0x0000000000001636      0x147 ./Drivers/STM32WBxx_HAL_Driver/Src/stm32wbxx_hal_tim_ex.o
 .debug_rnglists
                0x000000000000177d      0x206 ./Drivers/STM32WBxx_HAL_Driver/Src/stm32wbxx_hal_uart.o
 .debug_rnglists
                0x0000000000001983       0x7f ./Drivers/STM32WBxx_HAL_Driver/Src/stm32wbxx_hal_uart_ex.o
 .debug_rnglists
                0x0000000000001a02       0x81 ./Drivers/STM32WBxx_HAL_Driver/Src/stm32wbxx_ll_exti.o
 .debug_rnglists
                0x0000000000001a83       0x51 ./Drivers/STM32WBxx_HAL_Driver/Src/stm32wbxx_ll_gpio.o
 .debug_rnglists
                0x0000000000001ad4       0x8d ./Drivers/STM32WBxx_HAL_Driver/Src/stm32wbxx_ll_usb.o

.debug_macro    0x0000000000000000    0x2783a
 .debug_macro   0x0000000000000000      0x2de ./Core/Src/adc.o
 .debug_macro   0x00000000000002de      0xab4 ./Core/Src/adc.o
 .debug_macro   0x0000000000000d92      0x14e ./Core/Src/adc.o
 .debug_macro   0x0000000000000ee0       0x2e ./Core/Src/adc.o
 .debug_macro   0x0000000000000f0e       0x2e ./Core/Src/adc.o
 .debug_macro   0x0000000000000f3c       0x22 ./Core/Src/adc.o
 .debug_macro   0x0000000000000f5e       0x8e ./Core/Src/adc.o
 .debug_macro   0x0000000000000fec       0x51 ./Core/Src/adc.o
 .debug_macro   0x000000000000103d      0x103 ./Core/Src/adc.o
 .debug_macro   0x0000000000001140       0x6a ./Core/Src/adc.o
 .debug_macro   0x00000000000011aa      0x1df ./Core/Src/adc.o
 .debug_macro   0x0000000000001389       0x1c ./Core/Src/adc.o
 .debug_macro   0x00000000000013a5       0x22 ./Core/Src/adc.o
 .debug_macro   0x00000000000013c7       0xfb ./Core/Src/adc.o
 .debug_macro   0x00000000000014c2     0x1011 ./Core/Src/adc.o
 .debug_macro   0x00000000000024d3      0x11f ./Core/Src/adc.o
 .debug_macro   0x00000000000025f2    0x12adb ./Core/Src/adc.o
 .debug_macro   0x00000000000150cd       0x6c ./Core/Src/adc.o
 .debug_macro   0x0000000000015139     0x34c5 ./Core/Src/adc.o
 .debug_macro   0x00000000000185fe      0x174 ./Core/Src/adc.o
 .debug_macro   0x0000000000018772       0x5c ./Core/Src/adc.o
 .debug_macro   0x00000000000187ce      0x3f5 ./Core/Src/adc.o
 .debug_macro   0x0000000000018bc3      0x28d ./Core/Src/adc.o
 .debug_macro   0x0000000000018e50      0x30d ./Core/Src/adc.o
 .debug_macro   0x000000000001915d      0x17e ./Core/Src/adc.o
 .debug_macro   0x00000000000192db       0x43 ./Core/Src/adc.o
 .debug_macro   0x000000000001931e      0xc98 ./Core/Src/adc.o
 .debug_macro   0x0000000000019fb6      0x5b4 ./Core/Src/adc.o
 .debug_macro   0x000000000001a56a      0x1ca ./Core/Src/adc.o
 .debug_macro   0x000000000001a734      0x236 ./Core/Src/adc.o
 .debug_macro   0x000000000001a96a      0x24a ./Core/Src/adc.o
 .debug_macro   0x000000000001abb4      0x57b ./Core/Src/adc.o
 .debug_macro   0x000000000001b12f       0x2e ./Core/Src/adc.o
 .debug_macro   0x000000000001b15d      0x100 ./Core/Src/adc.o
 .debug_macro   0x000000000001b25d      0x1ba ./Core/Src/adc.o
 .debug_macro   0x000000000001b417      0x1cd ./Core/Src/adc.o
 .debug_macro   0x000000000001b5e4      0x2a8 ./Core/Src/adc.o
 .debug_macro   0x000000000001b88c       0x73 ./Core/Src/adc.o
 .debug_macro   0x000000000001b8ff      0x22d ./Core/Src/adc.o
 .debug_macro   0x000000000001bb2c      0x381 ./Core/Src/adc.o
 .debug_macro   0x000000000001bead      0x175 ./Core/Src/adc.o
 .debug_macro   0x000000000001c022      0x141 ./Core/Src/adc.o
 .debug_macro   0x000000000001c163      0x4ff ./Core/Src/adc.o
 .debug_macro   0x000000000001c662      0x295 ./Core/Src/adc.o
 .debug_macro   0x000000000001c8f7      0x882 ./Core/Src/adc.o
 .debug_macro   0x000000000001d179      0x259 ./Core/Src/adc.o
 .debug_macro   0x000000000001d3d2     0x1bb1 ./Core/Src/adc.o
 .debug_macro   0x000000000001ef83       0xe4 ./Core/Src/adc.o
 .debug_macro   0x000000000001f067      0x5e7 ./Core/Src/adc.o
 .debug_macro   0x000000000001f64e      0x2fe ./Core/Src/adc.o
 .debug_macro   0x000000000001f94c      0xac2 ./Core/Src/adc.o
 .debug_macro   0x000000000002040e      0x110 ./Core/Src/adc.o
 .debug_macro   0x000000000002051e      0x693 ./Core/Src/adc.o
 .debug_macro   0x0000000000020bb1       0xa6 ./Core/Src/adc.o
 .debug_macro   0x0000000000020c57      0x557 ./Core/Src/adc.o
 .debug_macro   0x00000000000211ae      0x433 ./Core/Src/adc.o
 .debug_macro   0x00000000000215e1      0x14d ./Core/Src/adc.o
 .debug_macro   0x000000000002172e      0x1a8 ./Core/Src/adc.o
 .debug_macro   0x00000000000218d6       0x45 ./Core/Src/adc.o
 .debug_macro   0x000000000002191b      0x16e ./Core/Src/adc.o
 .debug_macro   0x0000000000021a89      0x2de ./Core/Src/gpio.o
 .debug_macro   0x0000000000021d67      0x2de ./Core/Src/lptim.o
 .debug_macro   0x0000000000022045      0x33c ./Core/Src/main.o
 .debug_macro   0x0000000000022381      0x2de ./Core/Src/quadspi.o
 .debug_macro   0x000000000002265f      0x2de ./Core/Src/rf.o
 .debug_macro   0x000000000002293d      0x2de ./Core/Src/spi.o
 .debug_macro   0x0000000000022c1b      0x2d4 ./Core/Src/stm32wbxx_hal_msp.o
 .debug_macro   0x0000000000022eef      0x292 ./Core/Src/stm32wbxx_hal_timebase_tim.o
 .debug_macro   0x0000000000023181      0x2de ./Core/Src/stm32wbxx_it.o
 .debug_macro   0x000000000002345f      0x292 ./Core/Src/system_stm32wbxx.o
 .debug_macro   0x00000000000236f1      0x2de ./Core/Src/tim.o
 .debug_macro   0x00000000000239cf      0x2de ./Core/Src/usart.o
 .debug_macro   0x0000000000023cad      0x2de ./Core/Src/usb.o
 .debug_macro   0x0000000000023f8b      0x2b6 ./Drivers/STM32WBxx_HAL_Driver/Src/stm32wbxx_hal.o
 .debug_macro   0x0000000000024241      0x2af ./Drivers/STM32WBxx_HAL_Driver/Src/stm32wbxx_hal_adc.o
 .debug_macro   0x00000000000244f0      0x292 ./Drivers/STM32WBxx_HAL_Driver/Src/stm32wbxx_hal_cortex.o
 .debug_macro   0x0000000000024782      0x299 ./Drivers/STM32WBxx_HAL_Driver/Src/stm32wbxx_hal_gpio.o
 .debug_macro   0x0000000000024a1b      0x2a8 ./Drivers/STM32WBxx_HAL_Driver/Src/stm32wbxx_hal_lptim.o
 .debug_macro   0x0000000000024cc3      0x29e ./Drivers/STM32WBxx_HAL_Driver/Src/stm32wbxx_hal_pcd.o
 .debug_macro   0x0000000000024f61      0x292 ./Drivers/STM32WBxx_HAL_Driver/Src/stm32wbxx_hal_pcd_ex.o
 .debug_macro   0x00000000000251f3      0x304 ./Drivers/STM32WBxx_HAL_Driver/Src/stm32wbxx_hal_pwr.o
 .debug_macro   0x00000000000254f7      0x2a4 ./Drivers/STM32WBxx_HAL_Driver/Src/stm32wbxx_hal_pwr_ex.o
 .debug_macro   0x000000000002579b      0x2b6 ./Drivers/STM32WBxx_HAL_Driver/Src/stm32wbxx_hal_qspi.o
 .debug_macro   0x0000000000025a51      0x304 ./Drivers/STM32WBxx_HAL_Driver/Src/stm32wbxx_hal_rcc.o
 .debug_macro   0x0000000000025d55      0x2e7 ./Drivers/STM32WBxx_HAL_Driver/Src/stm32wbxx_hal_rcc_ex.o
 .debug_macro   0x000000000002603c      0x29a ./Drivers/STM32WBxx_HAL_Driver/Src/stm32wbxx_hal_spi.o
 .debug_macro   0x00000000000262d6      0x29a ./Drivers/STM32WBxx_HAL_Driver/Src/stm32wbxx_hal_tim.o
 .debug_macro   0x0000000000026570      0x29e ./Drivers/STM32WBxx_HAL_Driver/Src/stm32wbxx_hal_tim_ex.o
 .debug_macro   0x000000000002680e      0x2bd ./Drivers/STM32WBxx_HAL_Driver/Src/stm32wbxx_hal_uart.o
 .debug_macro   0x0000000000026acb      0x29e ./Drivers/STM32WBxx_HAL_Driver/Src/stm32wbxx_hal_uart_ex.o
 .debug_macro   0x0000000000026d69      0x2ba ./Drivers/STM32WBxx_HAL_Driver/Src/stm32wbxx_ll_exti.o
 .debug_macro   0x0000000000027023      0x16f ./Drivers/STM32WBxx_HAL_Driver/Src/stm32wbxx_ll_exti.o
 .debug_macro   0x0000000000027192      0x2cf ./Drivers/STM32WBxx_HAL_Driver/Src/stm32wbxx_ll_gpio.o
 .debug_macro   0x0000000000027461      0x147 ./Drivers/STM32WBxx_HAL_Driver/Src/stm32wbxx_ll_gpio.o
 .debug_macro   0x00000000000275a8      0x292 ./Drivers/STM32WBxx_HAL_Driver/Src/stm32wbxx_ll_usb.o

.debug_line     0x0000000000000000    0x26888
 .debug_line    0x0000000000000000      0x9fa ./Core/Src/adc.o
 .debug_line    0x00000000000009fa      0xb50 ./Core/Src/gpio.o
 .debug_line    0x000000000000154a      0xac3 ./Core/Src/lptim.o
 .debug_line    0x000000000000200d      0xa69 ./Core/Src/main.o
 .debug_line    0x0000000000002a76      0xa0c ./Core/Src/quadspi.o
 .debug_line    0x0000000000003482      0x920 ./Core/Src/rf.o
 .debug_line    0x0000000000003da2      0xa04 ./Core/Src/spi.o
 .debug_line    0x00000000000047a6      0x928 ./Core/Src/stm32wbxx_hal_msp.o
 .debug_line    0x00000000000050ce      0x969 ./Core/Src/stm32wbxx_hal_timebase_tim.o
 .debug_line    0x0000000000005a37      0x9c9 ./Core/Src/stm32wbxx_it.o
 .debug_line    0x0000000000006400      0x984 ./Core/Src/system_stm32wbxx.o
 .debug_line    0x0000000000006d84      0xa91 ./Core/Src/tim.o
 .debug_line    0x0000000000007815      0xa2c ./Core/Src/usart.o
 .debug_line    0x0000000000008241      0x9ef ./Core/Src/usb.o
 .debug_line    0x0000000000008c30       0x83 ./Core/Startup/startup_stm32wb55rgvx.o
 .debug_line    0x0000000000008cb3     0x1169 ./Drivers/STM32WBxx_HAL_Driver/Src/stm32wbxx_hal.o
 .debug_line    0x0000000000009e1c     0x1e88 ./Drivers/STM32WBxx_HAL_Driver/Src/stm32wbxx_hal_adc.o
 .debug_line    0x000000000000bca4      0xe33 ./Drivers/STM32WBxx_HAL_Driver/Src/stm32wbxx_hal_cortex.o
 .debug_line    0x000000000000cad7      0xd14 ./Drivers/STM32WBxx_HAL_Driver/Src/stm32wbxx_hal_gpio.o
 .debug_line    0x000000000000d7eb     0x144d ./Drivers/STM32WBxx_HAL_Driver/Src/stm32wbxx_hal_lptim.o
 .debug_line    0x000000000000ec38     0x14f8 ./Drivers/STM32WBxx_HAL_Driver/Src/stm32wbxx_hal_pcd.o
 .debug_line    0x0000000000010130      0xa4c ./Drivers/STM32WBxx_HAL_Driver/Src/stm32wbxx_hal_pcd_ex.o
 .debug_line    0x0000000000010b7c      0xb8e ./Drivers/STM32WBxx_HAL_Driver/Src/stm32wbxx_hal_pwr.o
 .debug_line    0x000000000001170a     0x12d2 ./Drivers/STM32WBxx_HAL_Driver/Src/stm32wbxx_hal_pwr_ex.o
 .debug_line    0x00000000000129dc     0x15c0 ./Drivers/STM32WBxx_HAL_Driver/Src/stm32wbxx_hal_qspi.o
 .debug_line    0x0000000000013f9c     0x1981 ./Drivers/STM32WBxx_HAL_Driver/Src/stm32wbxx_hal_rcc.o
 .debug_line    0x000000000001591d     0x1e0b ./Drivers/STM32WBxx_HAL_Driver/Src/stm32wbxx_hal_rcc_ex.o
 .debug_line    0x0000000000017728     0x2105 ./Drivers/STM32WBxx_HAL_Driver/Src/stm32wbxx_hal_spi.o
 .debug_line    0x000000000001982d     0x3d1d ./Drivers/STM32WBxx_HAL_Driver/Src/stm32wbxx_hal_tim.o